Archive member included to satisfy reference by file (symbol)

C:/ST/STM32CubeIDE_1.10.1/STM32CubeIDE/plugins/com.st.stm32cube.ide.mcu.externaltools.gnu-tools-for-stm32.11.3.rel1.win32_1.1.0.202305231506/tools/bin/../lib/gcc/arm-none-eabi/11.3.1/../../../../arm-none-eabi/lib/thumb/v7e-m+fp/hard\libm.a(libm_a-w_sqrt.o)
                              ./Core/Src/user/kinematic_model.o (sqrt)
C:/ST/STM32CubeIDE_1.10.1/STM32CubeIDE/plugins/com.st.stm32cube.ide.mcu.externaltools.gnu-tools-for-stm32.11.3.rel1.win32_1.1.0.202305231506/tools/bin/../lib/gcc/arm-none-eabi/11.3.1/../../../../arm-none-eabi/lib/thumb/v7e-m+fp/hard\libm.a(libm_a-e_sqrt.o)
                              C:/ST/STM32CubeIDE_1.10.1/STM32CubeIDE/plugins/com.st.stm32cube.ide.mcu.externaltools.gnu-tools-for-stm32.11.3.rel1.win32_1.1.0.202305231506/tools/bin/../lib/gcc/arm-none-eabi/11.3.1/../../../../arm-none-eabi/lib/thumb/v7e-m+fp/hard\libm.a(libm_a-w_sqrt.o) (__ieee754_sqrt)
C:/ST/STM32CubeIDE_1.10.1/STM32CubeIDE/plugins/com.st.stm32cube.ide.mcu.externaltools.gnu-tools-for-stm32.11.3.rel1.win32_1.1.0.202305231506/tools/bin/../lib/gcc/arm-none-eabi/11.3.1/../../../../arm-none-eabi/lib/thumb/v7e-m+fp/hard\libc_nano.a(libc_a-exit.o)
                              C:/ST/STM32CubeIDE_1.10.1/STM32CubeIDE/plugins/com.st.stm32cube.ide.mcu.externaltools.gnu-tools-for-stm32.11.3.rel1.win32_1.1.0.202305231506/tools/bin/../lib/gcc/arm-none-eabi/11.3.1/../../../../arm-none-eabi/lib/thumb/v7e-m+fp/hard/crt0.o (exit)
C:/ST/STM32CubeIDE_1.10.1/STM32CubeIDE/plugins/com.st.stm32cube.ide.mcu.externaltools.gnu-tools-for-stm32.11.3.rel1.win32_1.1.0.202305231506/tools/bin/../lib/gcc/arm-none-eabi/11.3.1/../../../../arm-none-eabi/lib/thumb/v7e-m+fp/hard\libc_nano.a(libc_a-realloc.o)
                              ./Core/Src/user/ros_port.o (realloc)
C:/ST/STM32CubeIDE_1.10.1/STM32CubeIDE/plugins/com.st.stm32cube.ide.mcu.externaltools.gnu-tools-for-stm32.11.3.rel1.win32_1.1.0.202305231506/tools/bin/../lib/gcc/arm-none-eabi/11.3.1/../../../../arm-none-eabi/lib/thumb/v7e-m+fp/hard\libc_nano.a(libc_a-reallocr.o)
                              C:/ST/STM32CubeIDE_1.10.1/STM32CubeIDE/plugins/com.st.stm32cube.ide.mcu.externaltools.gnu-tools-for-stm32.11.3.rel1.win32_1.1.0.202305231506/tools/bin/../lib/gcc/arm-none-eabi/11.3.1/../../../../arm-none-eabi/lib/thumb/v7e-m+fp/hard\libc_nano.a(libc_a-realloc.o) (_realloc_r)
C:/ST/STM32CubeIDE_1.10.1/STM32CubeIDE/plugins/com.st.stm32cube.ide.mcu.externaltools.gnu-tools-for-stm32.11.3.rel1.win32_1.1.0.202305231506/tools/bin/../lib/gcc/arm-none-eabi/11.3.1/../../../../arm-none-eabi/lib/thumb/v7e-m+fp/hard\libc_nano.a(libc_a-findfp.o)
                              C:/ST/STM32CubeIDE_1.10.1/STM32CubeIDE/plugins/com.st.stm32cube.ide.mcu.externaltools.gnu-tools-for-stm32.11.3.rel1.win32_1.1.0.202305231506/tools/bin/../lib/gcc/arm-none-eabi/11.3.1/../../../../arm-none-eabi/lib/thumb/v7e-m+fp/hard\libc_nano.a(libc_a-exit.o) (__stdio_exit_handler)
C:/ST/STM32CubeIDE_1.10.1/STM32CubeIDE/plugins/com.st.stm32cube.ide.mcu.externaltools.gnu-tools-for-stm32.11.3.rel1.win32_1.1.0.202305231506/tools/bin/../lib/gcc/arm-none-eabi/11.3.1/../../../../arm-none-eabi/lib/thumb/v7e-m+fp/hard\libc_nano.a(libc_a-fwalk.o)
                              C:/ST/STM32CubeIDE_1.10.1/STM32CubeIDE/plugins/com.st.stm32cube.ide.mcu.externaltools.gnu-tools-for-stm32.11.3.rel1.win32_1.1.0.202305231506/tools/bin/../lib/gcc/arm-none-eabi/11.3.1/../../../../arm-none-eabi/lib/thumb/v7e-m+fp/hard\libc_nano.a(libc_a-findfp.o) (_fwalk_sglue)
C:/ST/STM32CubeIDE_1.10.1/STM32CubeIDE/plugins/com.st.stm32cube.ide.mcu.externaltools.gnu-tools-for-stm32.11.3.rel1.win32_1.1.0.202305231506/tools/bin/../lib/gcc/arm-none-eabi/11.3.1/../../../../arm-none-eabi/lib/thumb/v7e-m+fp/hard\libc_nano.a(libc_a-stdio.o)
                              C:/ST/STM32CubeIDE_1.10.1/STM32CubeIDE/plugins/com.st.stm32cube.ide.mcu.externaltools.gnu-tools-for-stm32.11.3.rel1.win32_1.1.0.202305231506/tools/bin/../lib/gcc/arm-none-eabi/11.3.1/../../../../arm-none-eabi/lib/thumb/v7e-m+fp/hard\libc_nano.a(libc_a-findfp.o) (__sread)
C:/ST/STM32CubeIDE_1.10.1/STM32CubeIDE/plugins/com.st.stm32cube.ide.mcu.externaltools.gnu-tools-for-stm32.11.3.rel1.win32_1.1.0.202305231506/tools/bin/../lib/gcc/arm-none-eabi/11.3.1/../../../../arm-none-eabi/lib/thumb/v7e-m+fp/hard\libc_nano.a(libc_a-memset.o)
                              C:/ST/STM32CubeIDE_1.10.1/STM32CubeIDE/plugins/com.st.stm32cube.ide.mcu.externaltools.gnu-tools-for-stm32.11.3.rel1.win32_1.1.0.202305231506/tools/bin/../lib/gcc/arm-none-eabi/11.3.1/../../../../arm-none-eabi/lib/thumb/v7e-m+fp/hard/crt0.o (memset)
C:/ST/STM32CubeIDE_1.10.1/STM32CubeIDE/plugins/com.st.stm32cube.ide.mcu.externaltools.gnu-tools-for-stm32.11.3.rel1.win32_1.1.0.202305231506/tools/bin/../lib/gcc/arm-none-eabi/11.3.1/../../../../arm-none-eabi/lib/thumb/v7e-m+fp/hard\libc_nano.a(libc_a-closer.o)
[...]
Memory Configuration

Name             Origin             Length             Attributes
CCMRAM           0x0000000010000000 0x0000000000010000 xrw
RAM              0x0000000020000000 0x0000000000030000 xrw
FLASH            0x0000000008000000 0x0000000000200000 xr
*default*        0x0000000000000000 0xffffffffffffffff

Linker script and memory map

LOAD C:/ST/STM32CubeIDE_1.10.1/STM32CubeIDE/plugins/com.st.stm32cube.ide.mcu.externaltools.gnu-tools-for-stm32.11.3.rel1.win32_1.1.0.202305231506/tools/bin/../lib/gcc/arm-none-eabi/11.3.1/thumb/v7e-m+fp/hard/crti.o
LOAD C:/ST/STM32CubeIDE_1.10.1/STM32CubeIDE/plugins/com.st.stm32cube.ide.mcu.externaltools.gnu-tools-for-stm32.11.3.rel1.win32_1.1.0.202305231506/tools/bin/../lib/gcc/arm-none-eabi/11.3.1/thumb/v7e-m+fp/hard/crtbegin.o
LOAD C:/ST/STM32CubeIDE_1.10.1/STM32CubeIDE/plugins/com.st.stm32cube.ide.mcu.externaltools.gnu-tools-for-stm32.11.3.rel1.win32_1.1.0.202305231506/tools/bin/../lib/gcc/arm-none-eabi/11.3.1/../../../../arm-none-eabi/lib/thumb/v7e-m+fp/hard/crt0.o
LOAD ./Core/Inc/user_lib/ros_lib/duration.o
LOAD ./Core/Inc/user_lib/ros_lib/time.o
LOAD ./Core/Src/main.o
LOAD ./Core/Src/stm32f4xx_hal_msp.o
LOAD ./Core/Src/stm32f4xx_it.o
LOAD ./Core/Src/syscalls.o
LOAD ./Core/Src/sysmem.o
LOAD ./Core/Src/system_stm32f4xx.o
LOAD ./Core/Src/user/TIM_IT.o
LOAD ./Core/Src/user/dc_motor.o
LOAD ./Core/Src/user/kinematic_model.o
LOAD ./Core/Src/user/mainpp.o
LOAD ./Core/Src/user/ros_port.o
LOAD ./Core/Startup/startup_stm32f429zitx.o
LOAD ./Drivers/STM32F4xx_HAL_Driver/Src/stm32f4xx_hal.o
LOAD ./Drivers/STM32F4xx_HAL_Driver/Src/stm32f4xx_hal_cortex.o
LOAD ./Drivers/STM32F4xx_HAL_Driver/Src/stm32f4xx_hal_dma.o
LOAD ./Drivers/STM32F4xx_HAL_Driver/Src/stm32f4xx_hal_dma_ex.o
LOAD ./Drivers/STM32F4xx_HAL_Driver/Src/stm32f4xx_hal_eth.o
LOAD ./Drivers/STM32F4xx_HAL_Driver/Src/stm32f4xx_hal_exti.o
LOAD ./Drivers/STM32F4xx_HAL_Driver/Src/stm32f4xx_hal_flash.o
LOAD ./Drivers/STM32F4xx_HAL_Driver/Src/stm32f4xx_hal_flash_ex.o
LOAD ./Drivers/STM32F4xx_HAL_Driver/Src/stm32f4xx_hal_flash_ramfunc.o
LOAD ./Drivers/STM32F4xx_HAL_Driver/Src/stm32f4xx_hal_gpio.o
LOAD ./Drivers/STM32F4xx_HAL_Driver/Src/stm32f4xx_hal_pcd.o
LOAD ./Drivers/STM32F4xx_HAL_Driver/Src/stm32f4xx_hal_pcd_ex.o
LOAD ./Drivers/STM32F4xx_HAL_Driver/Src/stm32f4xx_hal_pwr.o
LOAD ./Drivers/STM32F4xx_HAL_Driver/Src/stm32f4xx_hal_pwr_ex.o
LOAD ./Drivers/STM32F4xx_HAL_Driver/Src/stm32f4xx_hal_rcc.o
LOAD ./Drivers/STM32F4xx_HAL_Driver/Src/stm32f4xx_hal_rcc_ex.o
LOAD ./Drivers/STM32F4xx_HAL_Driver/Src/stm32f4xx_hal_tim.o
LOAD ./Drivers/STM32F4xx_HAL_Driver/Src/stm32f4xx_hal_tim_ex.o
LOAD ./Drivers/STM32F4xx_HAL_Driver/Src/stm32f4xx_hal_uart.o
LOAD ./Drivers/STM32F4xx_HAL_Driver/Src/stm32f4xx_ll_usb.o
START GROUP
LOAD C:/ST/STM32CubeIDE_1.10.1/STM32CubeIDE/plugins/com.st.stm32cube.ide.mcu.externaltools.gnu-tools-for-stm32.11.3.rel1.win32_1.1.0.202305231506/tools/bin/../lib/gcc/arm-none-eabi/11.3.1/../../../../arm-none-eabi/lib/thumb/v7e-m+fp/hard\libstdc++_nano.a
LOAD C:/ST/STM32CubeIDE_1.10.1/STM32CubeIDE/plugins/com.st.stm32cube.ide.mcu.externaltools.gnu-tools-for-stm32.11.3.rel1.win32_1.1.0.202305231506/tools/bin/../lib/gcc/arm-none-eabi/11.3.1/../../../../arm-none-eabi/lib/thumb/v7e-m+fp/hard\libsupc++_nano.a
END GROUP
LOAD C:/ST/STM32CubeIDE_1.10.1/STM32CubeIDE/plugins/com.st.stm32cube.ide.mcu.externaltools.gnu-tools-for-stm32.11.3.rel1.win32_1.1.0.202305231506/tools/bin/../lib/gcc/arm-none-eabi/11.3.1/../../../../arm-none-eabi/lib/thumb/v7e-m+fp/hard\libstdc++_nano.a
LOAD C:/ST/STM32CubeIDE_1.10.1/STM32CubeIDE/plugins/com.st.stm32cube.ide.mcu.externaltools.gnu-tools-for-stm32.11.3.rel1.win32_1.1.0.202305231506/tools/bin/../lib/gcc/arm-none-eabi/11.3.1/../../../../arm-none-eabi/lib/thumb/v7e-m+fp/hard\libm.a
LOAD C:/ST/STM32CubeIDE_1.10.1/STM32CubeIDE/plugins/com.st.stm32cube.ide.mcu.externaltools.gnu-tools-for-stm32.11.3.rel1.win32_1.1.0.202305231506/tools/bin/../lib/gcc/arm-none-eabi/11.3.1/../../../../arm-none-eabi/lib/thumb/v7e-m+fp/hard\libc_nano.a
START GROUP
LOAD C:/ST/STM32CubeIDE_1.10.1/STM32CubeIDE/plugins/com.st.stm32cube.ide.mcu.externaltools.gnu-tools-for-stm32.11.3.rel1.win32_1.1.0.202305231506/tools/bin/../lib/gcc/arm-none-eabi/11.3.1/thumb/v7e-m+fp/hard\libgcc.a
LOAD C:/ST/STM32CubeIDE_1.10.1/STM32CubeIDE/plugins/com.st.stm32cube.ide.mcu.externaltools.gnu-tools-for-stm32.11.3.rel1.win32_1.1.0.202305231506/tools/bin/../lib/gcc/arm-none-eabi/11.3.1/../../../../arm-none-eabi/lib/thumb/v7e-m+fp/hard\libc_nano.a
END GROUP
START GROUP
LOAD C:/ST/STM32CubeIDE_1.10.1/STM32CubeIDE/plugins/com.st.stm32cube.ide.mcu.externaltools.gnu-tools-for-stm32.11.3.rel1.win32_1.1.0.202305231506/tools/bin/../lib/gcc/arm-none-eabi/11.3.1/thumb/v7e-m+fp/hard\libgcc.a
LOAD C:/ST/STM32CubeIDE_1.10.1/STM32CubeIDE/plugins/com.st.stm32cube.ide.mcu.externaltools.gnu-tools-for-stm32.11.3.rel1.win32_1.1.0.202305231506/tools/bin/../lib/gcc/arm-none-eabi/11.3.1/../../../../arm-none-eabi/lib/thumb/v7e-m+fp/hard\libc_nano.a
LOAD C:/ST/STM32CubeIDE_1.10.1/STM32CubeIDE/plugins/com.st.stm32cube.ide.mcu.externaltools.gnu-tools-for-stm32.11.3.rel1.win32_1.1.0.202305231506/tools/bin/../lib/gcc/arm-none-eabi/11.3.1/../../../../arm-none-eabi/lib/thumb/v7e-m+fp/hard\libnosys.a
END GROUP
START GROUP
LOAD C:/ST/STM32CubeIDE_1.10.1/STM32CubeIDE/plugins/com.st.stm32cube.ide.mcu.externaltools.gnu-tools-for-stm32.11.3.rel1.win32_1.1.0.202305231506/tools/bin/../lib/gcc/arm-none-eabi/11.3.1/thumb/v7e-m+fp/hard\libgcc.a
LOAD C:/ST/STM32CubeIDE_1.10.1/STM32CubeIDE/plugins/com.st.stm32cube.ide.mcu.externaltools.gnu-tools-for-stm32.11.3.rel1.win32_1.1.0.202305231506/tools/bin/../lib/gcc/arm-none-eabi/11.3.1/../../../../arm-none-eabi/lib/thumb/v7e-m+fp/hard\libc_nano.a
LOAD C:/ST/STM32CubeIDE_1.10.1/STM32CubeIDE/plugins/com.st.stm32cube.ide.mcu.externaltools.gnu-tools-for-stm32.11.3.rel1.win32_1.1.0.202305231506/tools/bin/../lib/gcc/arm-none-eabi/11.3.1/../../../../arm-none-eabi/lib/thumb/v7e-m+fp/hard\libnosys.a
END GROUP
LOAD C:/ST/STM32CubeIDE_1.10.1/STM32CubeIDE/plugins/com.st.stm32cube.ide.mcu.externaltools.gnu-tools-for-stm32.11.3.rel1.win32_1.1.0.202305231506/tools/bin/../lib/gcc/arm-none-eabi/11.3.1/thumb/v7e-m+fp/hard/crtend.o
LOAD C:/ST/STM32CubeIDE_1.10.1/STM32CubeIDE/plugins/com.st.stm32cube.ide.mcu.externaltools.gnu-tools-for-stm32.11.3.rel1.win32_1.1.0.202305231506/tools/bin/../lib/gcc/arm-none-eabi/11.3.1/thumb/v7e-m+fp/hard/crtn.o
                0x0000000020030000                _estack = (ORIGIN (RAM) + LENGTH (RAM))
                0x0000000000000200                _Min_Heap_Size = 0x200
                0x0000000000000400                _Min_Stack_Size = 0x400

.isr_vector     0x0000000008000000      0x1ac
                0x0000000008000000                . = ALIGN (0x4)
 *(.isr_vector)
 .isr_vector    0x0000000008000000      0x1ac ./Core/Startup/startup_stm32f429zitx.o
                0x0000000008000000                g_pfnVectors
                0x00000000080001ac                . = ALIGN (0x4)

.text           0x00000000080001ac     0x6b10
                0x00000000080001ac                . = ALIGN (0x4)
 *(.text)
 .text          0x00000000080001ac       0x40 C:/ST/STM32CubeIDE_1.10.1/STM32CubeIDE/plugins/com.st.stm32cube.ide.mcu.externaltools.gnu-tools-for-stm32.11.3.rel1.win32_1.1.0.202305231506/tools/bin/../lib/gcc/arm-none-eabi/11.3.1/thumb/v7e-m+fp/hard/crtbegin.o
 .text          0x00000000080001ec       0x10 C:/ST/STM32CubeIDE_1.10.1/STM32CubeIDE/plugins/com.st.stm32cube.ide.mcu.externaltools.gnu-tools-for-stm32.11.3.rel1.win32_1.1.0.202305231506/tools/bin/../lib/gcc/arm-none-eabi/11.3.1/../../../../arm-none-eabi/lib/thumb/v7e-m+fp/hard\libc_nano.a(libc_a-strlen.o)
                0x00000000080001ec                strlen
 .text          0x00000000080001fc       0x30 C:/ST/STM32CubeIDE_1.10.1/STM32CubeIDE/plugins/com.st.stm32cube.ide.mcu.externaltools.gnu-tools-for-stm32.11.3.rel1.win32_1.1.0.202305231506/tools/bin/../lib/gcc/arm-none-eabi/11.3.1/thumb/v7e-m+fp/hard\libgcc.a(_aeabi_uldivmod.o)
                0x00000000080001fc                __aeabi_uldivmod
 .text          0x000000000800022c      0x2c8 C:/ST/STM32CubeIDE_1.10.1/STM32CubeIDE/plugins/com.st.stm32cube.ide.mcu.externaltools.gnu-tools-for-stm32.11.3.rel1.win32_1.1.0.202305231506/tools/bin/../lib/gcc/arm-none-eabi/11.3.1/thumb/v7e-m+fp/hard\libgcc.a(_udivmoddi4.o)
                0x000000000800022c                __udivmoddi4
 .text          0x00000000080004f4        0x4 C:/ST/STM32CubeIDE_1.10.1/STM32CubeIDE/plugins/com.st.stm32cube.ide.mcu.externaltools.gnu-tools-for-stm32.11.3.rel1.win32_1.1.0.202305231506/tools/bin/../lib/gcc/arm-none-eabi/11.3.1/thumb/v7e-m+fp/hard\libgcc.a(_dvmd_tls.o)
                0x00000000080004f4                __aeabi_idiv0
                0x00000000080004f4                __aeabi_ldiv0
 *(.text*)
 .text._ZN3ros16normalizeSecNSecERmS0_
                0x00000000080004f8       0x58 ./Core/Inc/user_lib/ros_lib/time.o
                0x00000000080004f8                ros::normalizeSecNSec(unsigned long&, unsigned long&)
 .text.main     0x0000000008000550       0x26 ./Core/Src/main.o
                0x0000000008000550                main
 *fill*         0x0000000008000576        0x2 
 .text.SystemClock_Config
                0x0000000008000578       0xd4 ./Core/Src/main.o
                0x0000000008000578                SystemClock_Config
 .text.MX_ETH_Init
                0x000000000800064c       0x9c ./Core/Src/main.o
 .text.MX_TIM2_Init
                0x00000000080006e8       0x98 ./Core/Src/main.o
 .text.MX_USART3_UART_Init
                0x0000000008000780       0x54 ./Core/Src/main.o
 .text.MX_USB_OTG_FS_PCD_Init
                0x00000000080007d4       0x5c ./Core/Src/main.o
 .text.MX_GPIO_Init
                0x0000000008000830      0x15c ./Core/Src/main.o
 .text.Error_Handler
                0x000000000800098c        0xa ./Core/Src/main.o
                0x000000000800098c                Error_Handler
 *fill*         0x0000000008000996        0x2 
 .text.HAL_MspInit
                0x0000000008000998       0x50 ./Core/Src/stm32f4xx_hal_msp.o
                0x0000000008000998                HAL_MspInit
 .text.HAL_ETH_MspInit
                0x00000000080009e8      0x18c ./Core/Src/stm32f4xx_hal_msp.o
                0x00000000080009e8                HAL_ETH_MspInit
 .text.HAL_TIM_Base_MspInit
                0x0000000008000b74       0x4c ./Core/Src/stm32f4xx_hal_msp.o
                0x0000000008000b74                HAL_TIM_Base_MspInit
 .text.HAL_UART_MspInit
                0x0000000008000bc0       0x90 ./Core/Src/stm32f4xx_hal_msp.o
                0x0000000008000bc0                HAL_UART_MspInit
 .text.HAL_PCD_MspInit
                0x0000000008000c50       0xb4 ./Core/Src/stm32f4xx_hal_msp.o
                0x0000000008000c50                HAL_PCD_MspInit
 .text.NMI_Handler
                0x0000000008000d04        0x6 ./Core/Src/stm32f4xx_it.o
                0x0000000008000d04                NMI_Handler
 .text.HardFault_Handler
                0x0000000008000d0a        0x6 ./Core/Src/stm32f4xx_it.o
                0x0000000008000d0a                HardFault_Handler
 .text.MemManage_Handler
                0x0000000008000d10        0x6 ./Core/Src/stm32f4xx_it.o
                0x0000000008000d10                MemManage_Handler
 .text.BusFault_Handler
                0x0000000008000d16        0x6 ./Core/Src/stm32f4xx_it.o
                0x0000000008000d16                BusFault_Handler
 .text.UsageFault_Handler
                0x0000000008000d1c        0x6 ./Core/Src/stm32f4xx_it.o
                0x0000000008000d1c                UsageFault_Handler
 .text.SVC_Handler
                0x0000000008000d22        0xe ./Core/Src/stm32f4xx_it.o
                0x0000000008000d22                SVC_Handler
 .text.DebugMon_Handler
                0x0000000008000d30        0xe ./Core/Src/stm32f4xx_it.o
                0x0000000008000d30                DebugMon_Handler
 .text.PendSV_Handler
                0x0000000008000d3e        0xe ./Core/Src/stm32f4xx_it.o
                0x0000000008000d3e                PendSV_Handler
 .text.SysTick_Handler
                0x0000000008000d4c        0xc ./Core/Src/stm32f4xx_it.o
                0x0000000008000d4c                SysTick_Handler
 .text.TIM2_IRQHandler
                0x0000000008000d58       0x14 ./Core/Src/stm32f4xx_it.o
                0x0000000008000d58                TIM2_IRQHandler
 .text._sbrk    0x0000000008000d6c       0x6c ./Core/Src/sysmem.o
                0x0000000008000d6c                _sbrk
 .text.SystemInit
                0x0000000008000dd8       0x24 ./Core/Src/system_stm32f4xx.o
                0x0000000008000dd8                SystemInit
 .text.HAL_TIM_PeriodElapsedCallback
                0x0000000008000dfc       0x40 ./Core/Src/user/TIM_IT.o
                0x0000000008000dfc                HAL_TIM_PeriodElapsedCallback
 .text._Z9TIM_Startv
                0x0000000008000e3c       0x14 ./Core/Src/user/TIM_IT.o
                0x0000000008000e3c                TIM_Start()
 .text.main_function
                0x0000000008000e50        0xa ./Core/Src/user/mainpp.o
                0x0000000008000e50                main_function
 .text._ZN3ros4TimeC2Ev
                0x0000000008000e5a       0x22 ./Core/Src/user/ros_port.o
                0x0000000008000e5a                ros::Time::Time()
                0x0000000008000e5a                ros::Time::Time()
 .text._ZN3ros3MsgC2Ev
                0x0000000008000e7c       0x20 ./Core/Src/user/ros_port.o
                0x0000000008000e7c                ros::Msg::Msg()
                0x0000000008000e7c                ros::Msg::Msg()
 .text._ZN8std_msgs4TimeC2Ev
                0x0000000008000e9c       0x30 ./Core/Src/user/ros_port.o
                0x0000000008000e9c                std_msgs::Time::Time()
                0x0000000008000e9c                std_msgs::Time::Time()
 .text._ZNK8std_msgs4Time9serializeEPh
                0x0000000008000ecc       0xb0 ./Core/Src/user/ros_port.o
                0x0000000008000ecc                std_msgs::Time::serialize(unsigned char*) const
 .text._ZN8std_msgs4Time11deserializeEPh
                0x0000000008000f7c       0xc8 ./Core/Src/user/ros_port.o
                0x0000000008000f7c                std_msgs::Time::deserialize(unsigned char*)
 .text._ZN8std_msgs4Time7getTypeEv
                0x0000000008001044       0x1c ./Core/Src/user/ros_port.o
                0x0000000008001044                std_msgs::Time::getType()
 .text._ZN8std_msgs4Time6getMD5Ev
                0x0000000008001060       0x1c ./Core/Src/user/ros_port.o
                0x0000000008001060                std_msgs::Time::getMD5()
 .text._ZN14rosserial_msgs9TopicInfoC2Ev
                0x000000000800107c       0x48 ./Core/Src/user/ros_port.o
                0x000000000800107c                rosserial_msgs::TopicInfo::TopicInfo()
                0x000000000800107c                rosserial_msgs::TopicInfo::TopicInfo()
 .text._ZNK14rosserial_msgs9TopicInfo9serializeEPh
                0x00000000080010c4      0x136 ./Core/Src/user/ros_port.o
                0x00000000080010c4                rosserial_msgs::TopicInfo::serialize(unsigned char*) const
 .text._ZN14rosserial_msgs9TopicInfo11deserializeEPh
                0x00000000080011fa      0x1d0 ./Core/Src/user/ros_port.o
                0x00000000080011fa                rosserial_msgs::TopicInfo::deserialize(unsigned char*)
 *fill*         0x00000000080013ca        0x2 
 .text._ZN14rosserial_msgs9TopicInfo7getTypeEv
                0x00000000080013cc       0x1c ./Core/Src/user/ros_port.o
                0x00000000080013cc                rosserial_msgs::TopicInfo::getType()
 .text._ZN14rosserial_msgs9TopicInfo6getMD5Ev
                0x00000000080013e8       0x1c ./Core/Src/user/ros_port.o
                0x00000000080013e8                rosserial_msgs::TopicInfo::getMD5()
 .text._ZN14rosserial_msgs3LogC2Ev
                0x0000000008001404       0x34 ./Core/Src/user/ros_port.o
                0x0000000008001404                rosserial_msgs::Log::Log()
                0x0000000008001404                rosserial_msgs::Log::Log()
 .text._ZNK14rosserial_msgs3Log9serializeEPh
                0x0000000008001438       0x64 ./Core/Src/user/ros_port.o
                0x0000000008001438                rosserial_msgs::Log::serialize(unsigned char*) const
 .text._ZN14rosserial_msgs3Log11deserializeEPh
                0x000000000800149c       0x90 ./Core/Src/user/ros_port.o
                0x000000000800149c                rosserial_msgs::Log::deserialize(unsigned char*)
 .text._ZN14rosserial_msgs3Log7getTypeEv
                0x000000000800152c       0x1c ./Core/Src/user/ros_port.o
                0x000000000800152c                rosserial_msgs::Log::getType()
 .text._ZN14rosserial_msgs3Log6getMD5Ev
                0x0000000008001548       0x1c ./Core/Src/user/ros_port.o
                0x0000000008001548                rosserial_msgs::Log::getMD5()
 .text._ZN14rosserial_msgs20RequestParamResponseC2Ev
                0x0000000008001564       0x48 ./Core/Src/user/ros_port.o
                0x0000000008001564                rosserial_msgs::RequestParamResponse::RequestParamResponse()
                0x0000000008001564                rosserial_msgs::RequestParamResponse::RequestParamResponse()
 .text._ZNK14rosserial_msgs20RequestParamResponse9serializeEPh
                0x00000000080015ac      0x222 ./Core/Src/user/ros_port.o
                0x00000000080015ac                rosserial_msgs::RequestParamResponse::serialize(unsigned char*) const
 .text._ZN14rosserial_msgs20RequestParamResponse11deserializeEPh
                0x00000000080017ce      0x2e2 ./Core/Src/user/ros_port.o
                0x00000000080017ce                rosserial_msgs::RequestParamResponse::deserialize(unsigned char*)
 .text._ZN14rosserial_msgs20RequestParamResponse7getTypeEv
                0x0000000008001ab0       0x1c ./Core/Src/user/ros_port.o
                0x0000000008001ab0                rosserial_msgs::RequestParamResponse::getType()
 .text._ZN14rosserial_msgs20RequestParamResponse6getMD5Ev
                0x0000000008001acc       0x1c ./Core/Src/user/ros_port.o
                0x0000000008001acc                rosserial_msgs::RequestParamResponse::getMD5()
 .text._ZN3ros9PublisherC2EPKcPNS_3MsgEi
                0x0000000008001ae8       0x2e ./Core/Src/user/ros_port.o
                0x0000000008001ae8                ros::Publisher::Publisher(char const*, ros::Msg*, int)
                0x0000000008001ae8                ros::Publisher::Publisher(char const*, ros::Msg*, int)
 .text._ZN3ros9Publisher15getEndpointTypeEv
                0x0000000008001b16       0x18 ./Core/Src/user/ros_port.o
                0x0000000008001b16                ros::Publisher::getEndpointType()
 .text._ZN13STM32Hardware10getRdmaIndEv
                0x0000000008001b2e       0x26 ./Core/Src/user/ros_port.o
                0x0000000008001b2e                STM32Hardware::getRdmaInd()
 .text._ZN13STM32HardwareC2Ev
                0x0000000008001b54       0x38 ./Core/Src/user/ros_port.o
                0x0000000008001b54                STM32Hardware::STM32Hardware()
                0x0000000008001b54                STM32Hardware::STM32Hardware()
 .text._ZN13STM32Hardware4readEv
                0x0000000008001b8c       0x5a ./Core/Src/user/ros_port.o
                0x0000000008001b8c                STM32Hardware::read()
 *fill*         0x0000000008001be6        0x2 
 .text._ZN13STM32Hardware5flushEv
                0x0000000008001be8       0xbc ./Core/Src/user/ros_port.o
                0x0000000008001be8                STM32Hardware::flush()
 .text._ZN13STM32Hardware5writeEPhi
                0x0000000008001ca4       0x8c ./Core/Src/user/ros_port.o
                0x0000000008001ca4                STM32Hardware::write(unsigned char*, int)
 .text._ZN13STM32Hardware4timeEv
                0x0000000008001d30       0x16 ./Core/Src/user/ros_port.o
                0x0000000008001d30                STM32Hardware::time()
 *fill*         0x0000000008001d46        0x2 
 .text._ZN13geometry_msgs7Vector3C2Ev
                0x0000000008001d48       0x50 ./Core/Src/user/ros_port.o
                0x0000000008001d48                geometry_msgs::Vector3::Vector3()
                0x0000000008001d48                geometry_msgs::Vector3::Vector3()
 .text._ZNK13geometry_msgs7Vector39serializeEPh
                0x0000000008001d98      0x2e6 ./Core/Src/user/ros_port.o
                0x0000000008001d98                geometry_msgs::Vector3::serialize(unsigned char*) const
 .text._ZN13geometry_msgs7Vector311deserializeEPh
                0x000000000800207e      0x6be ./Core/Src/user/ros_port.o
                0x000000000800207e                geometry_msgs::Vector3::deserialize(unsigned char*)
 .text._ZN13geometry_msgs7Vector37getTypeEv
                0x000000000800273c       0x1c ./Core/Src/user/ros_port.o
                0x000000000800273c                geometry_msgs::Vector3::getType()
 .text._ZN13geometry_msgs7Vector36getMD5Ev
                0x0000000008002758       0x1c ./Core/Src/user/ros_port.o
                0x0000000008002758                geometry_msgs::Vector3::getMD5()
 .text._ZN13geometry_msgs5TwistC2Ev
                0x0000000008002774       0x38 ./Core/Src/user/ros_port.o
                0x0000000008002774                geometry_msgs::Twist::Twist()
                0x0000000008002774                geometry_msgs::Twist::Twist()
 .text._ZNK13geometry_msgs5Twist9serializeEPh
                0x00000000080027ac       0x4c ./Core/Src/user/ros_port.o
                0x00000000080027ac                geometry_msgs::Twist::serialize(unsigned char*) const
 .text._ZN13geometry_msgs5Twist11deserializeEPh
                0x00000000080027f8       0x4c ./Core/Src/user/ros_port.o
                0x00000000080027f8                geometry_msgs::Twist::deserialize(unsigned char*)
 .text._ZN13geometry_msgs5Twist7getTypeEv
                0x0000000008002844       0x1c ./Core/Src/user/ros_port.o
                0x0000000008002844                geometry_msgs::Twist::getType()
 .text._ZN13geometry_msgs5Twist6getMD5Ev
                0x0000000008002860       0x1c ./Core/Src/user/ros_port.o
                0x0000000008002860                geometry_msgs::Twist::getMD5()
 .text._ZN8std_msgs5Int64C2Ev
                0x000000000800287c       0x34 ./Core/Src/user/ros_port.o
                0x000000000800287c                std_msgs::Int64::Int64()
                0x000000000800287c                std_msgs::Int64::Int64()
 .text._ZNK8std_msgs5Int649serializeEPh
                0x00000000080028b0      0x10a ./Core/Src/user/ros_port.o
                0x00000000080028b0                std_msgs::Int64::serialize(unsigned char*) const
 .text._ZN8std_msgs5Int6411deserializeEPh
                0x00000000080029ba      0x206 ./Core/Src/user/ros_port.o
                0x00000000080029ba                std_msgs::Int64::deserialize(unsigned char*)
 .text._ZN8std_msgs5Int647getTypeEv
                0x0000000008002bc0       0x1c ./Core/Src/user/ros_port.o
                0x0000000008002bc0                std_msgs::Int64::getType()
 .text._ZN8std_msgs5Int646getMD5Ev
                0x0000000008002bdc       0x1c ./Core/Src/user/ros_port.o
                0x0000000008002bdc                std_msgs::Int64::getMD5()
 .text._Z12vel_callbackRKN8std_msgs5Int64E
                0x0000000008002bf8       0x24 ./Core/Src/user/ros_port.o
                0x0000000008002bf8                vel_callback(std_msgs::Int64 const&)
 .text._ZN3ros3Msg8varToArrIPhmEEvT_T0_
                0x0000000008002c1c       0x3e ./Core/Src/user/ros_port.o
                0x0000000008002c1c                void ros::Msg::varToArr<unsigned char*, unsigned long>(unsigned char*, unsigned long)
 .text._ZN3ros3Msg8arrToVarImPhEEvRT_T0_
                0x0000000008002c5a       0x4c ./Core/Src/user/ros_port.o
                0x0000000008002c5a                void ros::Msg::arrToVar<unsigned long, unsigned char*>(unsigned long&, unsigned char*)
 *fill*         0x0000000008002ca6        0x2 
 .text._ZN3ros15NodeHandleBase_C2Ev
                0x0000000008002ca8       0x20 ./Core/Src/user/ros_port.o
                0x0000000008002ca8                ros::NodeHandleBase_::NodeHandleBase_()
                0x0000000008002ca8                ros::NodeHandleBase_::NodeHandleBase_()
 .text._ZN3ros11NodeHandle_I13STM32HardwareLi25ELi25ELi512ELi512EEC2Ev
                0x0000000008002cc8      0x100 ./Core/Src/user/ros_port.o
                0x0000000008002cc8                ros::NodeHandle_<STM32Hardware, 25, 25, 512, 512>::NodeHandle_()
                0x0000000008002cc8                ros::NodeHandle_<STM32Hardware, 25, 25, 512, 512>::NodeHandle_()
 .text._ZN3ros11Subscriber_C2Ev
                0x0000000008002dc8       0x20 ./Core/Src/user/ros_port.o
                0x0000000008002dc8                ros::Subscriber_::Subscriber_()
                0x0000000008002dc8                ros::Subscriber_::Subscriber_()
 .text._ZN3ros10SubscriberIN8std_msgs5Int64EvEC2EPKcPFvRKS2_Ei
                0x0000000008002de8       0x48 ./Core/Src/user/ros_port.o
                0x0000000008002de8                ros::Subscriber<std_msgs::Int64, void>::Subscriber(char const*, void (*)(std_msgs::Int64 const&), int)
                0x0000000008002de8                ros::Subscriber<std_msgs::Int64, void>::Subscriber(char const*, void (*)(std_msgs::Int64 const&), int)
 .text._ZN3ros11NodeHandle_I13STM32HardwareLi25ELi25ELi512ELi512EE8spinOnceEv
                0x0000000008002e30      0x3b2 ./Core/Src/user/ros_port.o
                0x0000000008002e30                ros::NodeHandle_<STM32Hardware, 25, 25, 512, 512>::spinOnce()
 .text._ZN3ros11NodeHandle_I13STM32HardwareLi25ELi25ELi512ELi512EE15requestSyncTimeEv
                0x00000000080031e2       0x3c ./Core/Src/user/ros_port.o
                0x00000000080031e2                ros::NodeHandle_<STM32Hardware, 25, 25, 512, 512>::requestSyncTime()
 .text._ZN3ros11NodeHandle_I13STM32HardwareLi25ELi25ELi512ELi512EE15negotiateTopicsEv
                0x000000000800321e      0x1be ./Core/Src/user/ros_port.o
                0x000000000800321e                ros::NodeHandle_<STM32Hardware, 25, 25, 512, 512>::negotiateTopics()
 .text._ZN3ros11NodeHandle_I13STM32HardwareLi25ELi25ELi512ELi512EE8syncTimeEPh
                0x00000000080033dc       0x98 ./Core/Src/user/ros_port.o
                0x00000000080033dc                ros::NodeHandle_<STM32Hardware, 25, 25, 512, 512>::syncTime(unsigned char*)
 .text._ZN3ros11NodeHandle_I13STM32HardwareLi25ELi25ELi512ELi512EE7publishEiPKNS_3MsgE
                0x0000000008003474      0x128 ./Core/Src/user/ros_port.o
                0x0000000008003474                ros::NodeHandle_<STM32Hardware, 25, 25, 512, 512>::publish(int, ros::Msg const*)
 .text._ZN3ros11NodeHandle_I13STM32HardwareLi25ELi25ELi512ELi512EE6setNowERNS_4TimeE
                0x000000000800359c       0x80 ./Core/Src/user/ros_port.o
                0x000000000800359c                ros::NodeHandle_<STM32Hardware, 25, 25, 512, 512>::setNow(ros::Time&)
 .text._ZN3ros11NodeHandle_I13STM32HardwareLi25ELi25ELi512ELi512EE8logerrorEPKc
                0x000000000800361c       0x1c ./Core/Src/user/ros_port.o
                0x000000000800361c                ros::NodeHandle_<STM32Hardware, 25, 25, 512, 512>::logerror(char const*)
 .text._ZN3ros11NodeHandle_I13STM32HardwareLi25ELi25ELi512ELi512EE3logEcPKc
                0x0000000008003638       0x38 ./Core/Src/user/ros_port.o
                0x0000000008003638                ros::NodeHandle_<STM32Hardware, 25, 25, 512, 512>::log(char, char const*)
 .text._Z41__static_initialization_and_destruction_0ii
                0x0000000008003670       0x64 ./Core/Src/user/ros_port.o
 .text._ZN3ros10SubscriberIN8std_msgs5Int64EvE8callbackEPh
                0x00000000080036d4       0x2a ./Core/Src/user/ros_port.o
                0x00000000080036d4                ros::Subscriber<std_msgs::Int64, void>::callback(unsigned char*)
 .text._ZN3ros10SubscriberIN8std_msgs5Int64EvE15getEndpointTypeEv
                0x00000000080036fe       0x18 ./Core/Src/user/ros_port.o
                0x00000000080036fe                ros::Subscriber<std_msgs::Int64, void>::getEndpointType()
 .text._ZN3ros10SubscriberIN8std_msgs5Int64EvE10getMsgTypeEv
                0x0000000008003716       0x1c ./Core/Src/user/ros_port.o
                0x0000000008003716                ros::Subscriber<std_msgs::Int64, void>::getMsgType()
 .text._ZN3ros10SubscriberIN8std_msgs5Int64EvE9getMsgMD5Ev
                0x0000000008003732       0x1c ./Core/Src/user/ros_port.o
                0x0000000008003732                ros::Subscriber<std_msgs::Int64, void>::getMsgMD5()
 .text._ZN3ros11NodeHandle_I13STM32HardwareLi25ELi25ELi512ELi512EE9connectedEv
                0x000000000800374e       0x1a ./Core/Src/user/ros_port.o
                0x000000000800374e                ros::NodeHandle_<STM32Hardware, 25, 25, 512, 512>::connected()
 .text._GLOBAL__sub_I_count
                0x0000000008003768       0x10 ./Core/Src/user/ros_port.o
 .text.Reset_Handler
                0x0000000008003778       0x50 ./Core/Startup/startup_stm32f429zitx.o
                0x0000000008003778                Reset_Handler
 .text.Default_Handler
                0x00000000080037c8        0x2 ./Core/Startup/startup_stm32f429zitx.o
                0x00000000080037c8                RTC_Alarm_IRQHandler
                0x00000000080037c8                HASH_RNG_IRQHandler
                0x00000000080037c8                EXTI2_IRQHandler
                0x00000000080037c8                TIM8_CC_IRQHandler
                0x00000000080037c8                UART8_IRQHandler
                0x00000000080037c8                SPI4_IRQHandler
                0x00000000080037c8                TIM1_CC_IRQHandler
                0x00000000080037c8                DMA2_Stream5_IRQHandler
                0x00000000080037c8                DMA1_Stream5_IRQHandler
                0x00000000080037c8                PVD_IRQHandler
                0x00000000080037c8                SDIO_IRQHandler
                0x00000000080037c8                TAMP_STAMP_IRQHandler
                0x00000000080037c8                CAN2_RX1_IRQHandler
                0x00000000080037c8                EXTI3_IRQHandler
                0x00000000080037c8                TIM8_TRG_COM_TIM14_IRQHandler
                0x00000000080037c8                TIM1_UP_TIM10_IRQHandler
                0x00000000080037c8                TIM8_UP_TIM13_IRQHandler
                0x00000000080037c8                I2C3_ER_IRQHandler
                0x00000000080037c8                EXTI0_IRQHandler
                0x00000000080037c8                I2C2_EV_IRQHandler
                0x00000000080037c8                DMA1_Stream2_IRQHandler
                0x00000000080037c8                CAN1_RX0_IRQHandler
                0x00000000080037c8                FPU_IRQHandler
                0x00000000080037c8                OTG_HS_WKUP_IRQHandler
                0x00000000080037c8                LTDC_ER_IRQHandler
                0x00000000080037c8                CAN2_SCE_IRQHandler
                0x00000000080037c8                DMA2_Stream2_IRQHandler
                0x00000000080037c8                SPI1_IRQHandler
                0x00000000080037c8                TIM6_DAC_IRQHandler
                0x00000000080037c8                TIM1_BRK_TIM9_IRQHandler
                0x00000000080037c8                DCMI_IRQHandler
                0x00000000080037c8                CAN2_RX0_IRQHandler
                0x00000000080037c8                DMA2_Stream3_IRQHandler
                0x00000000080037c8                USART6_IRQHandler
                0x00000000080037c8                USART3_IRQHandler
                0x00000000080037c8                CAN1_RX1_IRQHandler
                0x00000000080037c8                UART5_IRQHandler
                0x00000000080037c8                DMA2_Stream0_IRQHandler
                0x00000000080037c8                TIM4_IRQHandler
                0x00000000080037c8                I2C1_EV_IRQHandler
                0x00000000080037c8                DMA1_Stream6_IRQHandler
                0x00000000080037c8                DMA1_Stream1_IRQHandler
                0x00000000080037c8                UART4_IRQHandler
                0x00000000080037c8                TIM3_IRQHandler
                0x00000000080037c8                RCC_IRQHandler
                0x00000000080037c8                TIM8_BRK_TIM12_IRQHandler
                0x00000000080037c8                Default_Handler
                0x00000000080037c8                EXTI15_10_IRQHandler
                0x00000000080037c8                ADC_IRQHandler
                0x00000000080037c8                DMA1_Stream7_IRQHandler
                0x00000000080037c8                SPI5_IRQHandler
                0x00000000080037c8                TIM7_IRQHandler
                0x00000000080037c8                CAN2_TX_IRQHandler
                0x00000000080037c8                TIM5_IRQHandler
                0x00000000080037c8                DMA2_Stream7_IRQHandler
                0x00000000080037c8                I2C3_EV_IRQHandler
                0x00000000080037c8                EXTI9_5_IRQHandler
                0x00000000080037c8                RTC_WKUP_IRQHandler
                0x00000000080037c8                LTDC_IRQHandler
                0x00000000080037c8                ETH_WKUP_IRQHandler
                0x00000000080037c8                SPI2_IRQHandler
                0x00000000080037c8                OTG_HS_EP1_IN_IRQHandler
                0x00000000080037c8                DMA1_Stream0_IRQHandler
                0x00000000080037c8                CAN1_TX_IRQHandler
                0x00000000080037c8                EXTI4_IRQHandler
                0x00000000080037c8                ETH_IRQHandler
                0x00000000080037c8                OTG_HS_EP1_OUT_IRQHandler
                0x00000000080037c8                WWDG_IRQHandler
                0x00000000080037c8                SPI6_IRQHandler
                0x00000000080037c8                OTG_FS_WKUP_IRQHandler
                0x00000000080037c8                TIM1_TRG_COM_TIM11_IRQHandler
                0x00000000080037c8                OTG_HS_IRQHandler
                0x00000000080037c8                DMA2D_IRQHandler
                0x00000000080037c8                EXTI1_IRQHandler
                0x00000000080037c8                UART7_IRQHandler
                0x00000000080037c8                USART2_IRQHandler
                0x00000000080037c8                I2C2_ER_IRQHandler
                0x00000000080037c8                DMA2_Stream1_IRQHandler
                0x00000000080037c8                CAN1_SCE_IRQHandler
                0x00000000080037c8                FLASH_IRQHandler
                0x00000000080037c8                DMA2_Stream4_IRQHandler
                0x00000000080037c8                USART1_IRQHandler
                0x00000000080037c8                OTG_FS_IRQHandler
                0x00000000080037c8                SPI3_IRQHandler
                0x00000000080037c8                DMA1_Stream4_IRQHandler
                0x00000000080037c8                I2C1_ER_IRQHandler
                0x00000000080037c8                FMC_IRQHandler
                0x00000000080037c8                DMA2_Stream6_IRQHandler
                0x00000000080037c8                SAI1_IRQHandler
                0x00000000080037c8                DMA1_Stream3_IRQHandler
 *fill*         0x00000000080037ca        0x2 
 .text.HAL_Init
                0x00000000080037cc       0x44 ./Drivers/STM32F4xx_HAL_Driver/Src/stm32f4xx_hal.o
                0x00000000080037cc                HAL_Init
 .text.HAL_InitTick
                0x0000000008003810       0x60 ./Drivers/STM32F4xx_HAL_Driver/Src/stm32f4xx_hal.o
                0x0000000008003810                HAL_InitTick
 .text.HAL_IncTick
                0x0000000008003870       0x28 ./Drivers/STM32F4xx_HAL_Driver/Src/stm32f4xx_hal.o
                0x0000000008003870                HAL_IncTick
 .text.HAL_GetTick
                0x0000000008003898       0x18 ./Drivers/STM32F4xx_HAL_Driver/Src/stm32f4xx_hal.o
                0x0000000008003898                HAL_GetTick
 .text.HAL_Delay
                0x00000000080038b0       0x48 ./Drivers/STM32F4xx_HAL_Driver/Src/stm32f4xx_hal.o
                0x00000000080038b0                HAL_Delay
 .text.__NVIC_SetPriorityGrouping
                0x00000000080038f8       0x48 ./Drivers/STM32F4xx_HAL_Driver/Src/stm32f4xx_hal_cortex.o
 .text.__NVIC_GetPriorityGrouping
                0x0000000008003940       0x1c ./Drivers/STM32F4xx_HAL_Driver/Src/stm32f4xx_hal_cortex.o
 .text.__NVIC_EnableIRQ
                0x000000000800395c       0x3c ./Drivers/STM32F4xx_HAL_Driver/Src/stm32f4xx_hal_cortex.o
 .text.__NVIC_SetPriority
                0x0000000008003998       0x54 ./Drivers/STM32F4xx_HAL_Driver/Src/stm32f4xx_hal_cortex.o
 .text.NVIC_EncodePriority
                0x00000000080039ec       0x66 ./Drivers/STM32F4xx_HAL_Driver/Src/stm32f4xx_hal_cortex.o
 *fill*         0x0000000008003a52        0x2 
 .text.SysTick_Config
                0x0000000008003a54       0x44 ./Drivers/STM32F4xx_HAL_Driver/Src/stm32f4xx_hal_cortex.o
 .text.HAL_NVIC_SetPriorityGrouping
                0x0000000008003a98       0x16 ./Drivers/STM32F4xx_HAL_Driver/Src/stm32f4xx_hal_cortex.o
                0x0000000008003a98                HAL_NVIC_SetPriorityGrouping
 .text.HAL_NVIC_SetPriority
                0x0000000008003aae       0x38 ./Drivers/STM32F4xx_HAL_Driver/Src/stm32f4xx_hal_cortex.o
                0x0000000008003aae                HAL_NVIC_SetPriority
 .text.HAL_NVIC_EnableIRQ
                0x0000000008003ae6       0x1c ./Drivers/STM32F4xx_HAL_Driver/Src/stm32f4xx_hal_cortex.o
                0x0000000008003ae6                HAL_NVIC_EnableIRQ
 .text.HAL_SYSTICK_Config
                0x0000000008003b02       0x18 ./Drivers/STM32F4xx_HAL_Driver/Src/stm32f4xx_hal_cortex.o
                0x0000000008003b02                HAL_SYSTICK_Config
 .text.HAL_DMA_Start_IT
                0x0000000008003b1a       0xb0 ./Drivers/STM32F4xx_HAL_Driver/Src/stm32f4xx_hal_dma.o
                0x0000000008003b1a                HAL_DMA_Start_IT
 .text.DMA_SetConfig
                0x0000000008003bca       0x5c ./Drivers/STM32F4xx_HAL_Driver/Src/stm32f4xx_hal_dma.o
 *fill*         0x0000000008003c26        0x2 
 .text.HAL_ETH_Init
                0x0000000008003c28       0xfc ./Drivers/STM32F4xx_HAL_Driver/Src/stm32f4xx_hal_eth.o
                0x0000000008003c28                HAL_ETH_Init
 .text.ETH_SetMACConfig
                0x0000000008003d24      0x160 ./Drivers/STM32F4xx_HAL_Driver/Src/stm32f4xx_hal_eth.o
 .text.ETH_SetDMAConfig
                0x0000000008003e84      0x114 ./Drivers/STM32F4xx_HAL_Driver/Src/stm32f4xx_hal_eth.o
 .text.ETH_MACDMAConfig
                0x0000000008003f98       0xe4 ./Drivers/STM32F4xx_HAL_Driver/Src/stm32f4xx_hal_eth.o
 .text.ETH_MACAddressConfig
                0x000000000800407c       0x70 ./Drivers/STM32F4xx_HAL_Driver/Src/stm32f4xx_hal_eth.o
 .text.ETH_DMATxDescListInit
                0x00000000080040ec       0xb2 ./Drivers/STM32F4xx_HAL_Driver/Src/stm32f4xx_hal_eth.o
 .text.ETH_DMARxDescListInit
                0x000000000800419e       0xda ./Drivers/STM32F4xx_HAL_Driver/Src/stm32f4xx_hal_eth.o
 .text.HAL_GPIO_Init
                0x0000000008004278      0x358 ./Drivers/STM32F4xx_HAL_Driver/Src/stm32f4xx_hal_gpio.o
                0x0000000008004278                HAL_GPIO_Init
 .text.HAL_GPIO_WritePin
                0x00000000080045d0       0x32 ./Drivers/STM32F4xx_HAL_Driver/Src/stm32f4xx_hal_gpio.o
                0x00000000080045d0                HAL_GPIO_WritePin
 .text.HAL_PCD_Init
                0x0000000008004602      0x23a ./Drivers/STM32F4xx_HAL_Driver/Src/stm32f4xx_hal_pcd.o
                0x0000000008004602                HAL_PCD_Init
 .text.HAL_RCC_OscConfig
                0x000000000800483c      0x4f0 ./Drivers/STM32F4xx_HAL_Driver/Src/stm32f4xx_hal_rcc.o
                0x000000000800483c                HAL_RCC_OscConfig
 .text.HAL_RCC_ClockConfig
                0x0000000008004d2c      0x1cc ./Drivers/STM32F4xx_HAL_Driver/Src/stm32f4xx_hal_rcc.o
                0x0000000008004d2c                HAL_RCC_ClockConfig
 .text.HAL_RCC_GetSysClockFreq
                0x0000000008004ef8      0x20c ./Drivers/STM32F4xx_HAL_Driver/Src/stm32f4xx_hal_rcc.o
                0x0000000008004ef8                HAL_RCC_GetSysClockFreq
 .text.HAL_RCC_GetHCLKFreq
                0x0000000008005104       0x18 ./Drivers/STM32F4xx_HAL_Driver/Src/stm32f4xx_hal_rcc.o
                0x0000000008005104                HAL_RCC_GetHCLKFreq
 .text.HAL_RCC_GetPCLK1Freq
                0x000000000800511c       0x28 ./Drivers/STM32F4xx_HAL_Driver/Src/stm32f4xx_hal_rcc.o
                0x000000000800511c                HAL_RCC_GetPCLK1Freq
 .text.HAL_RCC_GetPCLK2Freq
                0x0000000008005144       0x28 ./Drivers/STM32F4xx_HAL_Driver/Src/stm32f4xx_hal_rcc.o
                0x0000000008005144                HAL_RCC_GetPCLK2Freq
 .text.HAL_TIM_Base_Init
                0x000000000800516c       0x9e ./Drivers/STM32F4xx_HAL_Driver/Src/stm32f4xx_hal_tim.o
                0x000000000800516c                HAL_TIM_Base_Init
 *fill*         0x000000000800520a        0x2 
 .text.HAL_TIM_Base_Start_IT
                0x000000000800520c       0xe0 ./Drivers/STM32F4xx_HAL_Driver/Src/stm32f4xx_hal_tim.o
                0x000000000800520c                HAL_TIM_Base_Start_IT
 .text.HAL_TIM_IRQHandler
                0x00000000080052ec      0x210 ./Drivers/STM32F4xx_HAL_Driver/Src/stm32f4xx_hal_tim.o
                0x00000000080052ec                HAL_TIM_IRQHandler
 .text.HAL_TIM_ConfigClockSource
                0x00000000080054fc      0x18e ./Drivers/STM32F4xx_HAL_Driver/Src/stm32f4xx_hal_tim.o
                0x00000000080054fc                HAL_TIM_ConfigClockSource
 .text.HAL_TIM_OC_DelayElapsedCallback
                0x000000000800568a       0x14 ./Drivers/STM32F4xx_HAL_Driver/Src/stm32f4xx_hal_tim.o
                0x000000000800568a                HAL_TIM_OC_DelayElapsedCallback
 .text.HAL_TIM_IC_CaptureCallback
                0x000000000800569e       0x14 ./Drivers/STM32F4xx_HAL_Driver/Src/stm32f4xx_hal_tim.o
                0x000000000800569e                HAL_TIM_IC_CaptureCallback
 .text.HAL_TIM_PWM_PulseFinishedCallback
                0x00000000080056b2       0x14 ./Drivers/STM32F4xx_HAL_Driver/Src/stm32f4xx_hal_tim.o
                0x00000000080056b2                HAL_TIM_PWM_PulseFinishedCallback
 .text.HAL_TIM_TriggerCallback
                0x00000000080056c6       0x14 ./Drivers/STM32F4xx_HAL_Driver/Src/stm32f4xx_hal_tim.o
                0x00000000080056c6                HAL_TIM_TriggerCallback
 *fill*         0x00000000080056da        0x2 
 .text.TIM_Base_SetConfig
                0x00000000080056dc      0x140 ./Drivers/STM32F4xx_HAL_Driver/Src/stm32f4xx_hal_tim.o
                0x00000000080056dc                TIM_Base_SetConfig
 .text.TIM_TI1_ConfigInputStage
                0x000000000800581c       0x5e ./Drivers/STM32F4xx_HAL_Driver/Src/stm32f4xx_hal_tim.o
 .text.TIM_TI2_ConfigInputStage
                0x000000000800587a       0x60 ./Drivers/STM32F4xx_HAL_Driver/Src/stm32f4xx_hal_tim.o
 .text.TIM_ITRx_SetConfig
                0x00000000080058da       0x36 ./Drivers/STM32F4xx_HAL_Driver/Src/stm32f4xx_hal_tim.o
 .text.TIM_ETR_SetConfig
                0x0000000008005910       0x40 ./Drivers/STM32F4xx_HAL_Driver/Src/stm32f4xx_hal_tim.o
                0x0000000008005910                TIM_ETR_SetConfig
 .text.HAL_TIMEx_MasterConfigSynchronization
                0x0000000008005950       0xf8 ./Drivers/STM32F4xx_HAL_Driver/Src/stm32f4xx_hal_tim_ex.o
                0x0000000008005950                HAL_TIMEx_MasterConfigSynchronization
 .text.HAL_TIMEx_CommutCallback
                0x0000000008005a48       0x14 ./Drivers/STM32F4xx_HAL_Driver/Src/stm32f4xx_hal_tim_ex.o
                0x0000000008005a48                HAL_TIMEx_CommutCallback
 .text.HAL_TIMEx_BreakCallback
                0x0000000008005a5c       0x14 ./Drivers/STM32F4xx_HAL_Driver/Src/stm32f4xx_hal_tim_ex.o
                0x0000000008005a5c                HAL_TIMEx_BreakCallback
 .text.HAL_UART_Init
                0x0000000008005a70       0x9a ./Drivers/STM32F4xx_HAL_Driver/Src/stm32f4xx_hal_uart.o
                0x0000000008005a70                HAL_UART_Init
 *fill*         0x0000000008005b0a        0x2 
 .text.HAL_UART_Transmit_DMA
                0x0000000008005b0c       0xfc ./Drivers/STM32F4xx_HAL_Driver/Src/stm32f4xx_hal_uart.o
                0x0000000008005b0c                HAL_UART_Transmit_DMA
 .text.HAL_UART_TxCpltCallback
                0x0000000008005c08       0x14 ./Drivers/STM32F4xx_HAL_Driver/Src/stm32f4xx_hal_uart.o
                0x0000000008005c08                HAL_UART_TxCpltCallback
 .text.HAL_UART_TxHalfCpltCallback
                0x0000000008005c1c       0x14 ./Drivers/STM32F4xx_HAL_Driver/Src/stm32f4xx_hal_uart.o
                0x0000000008005c1c                HAL_UART_TxHalfCpltCallback
 .text.HAL_UART_ErrorCallback
                0x0000000008005c30       0x14 ./Drivers/STM32F4xx_HAL_Driver/Src/stm32f4xx_hal_uart.o
                0x0000000008005c30                HAL_UART_ErrorCallback
 .text.UART_DMATransmitCplt
                0x0000000008005c44       0x9a ./Drivers/STM32F4xx_HAL_Driver/Src/stm32f4xx_hal_uart.o
 .text.UART_DMATxHalfCplt
                0x0000000008005cde       0x1c ./Drivers/STM32F4xx_HAL_Driver/Src/stm32f4xx_hal_uart.o
 .text.UART_DMAError
                0x0000000008005cfa       0x94 ./Drivers/STM32F4xx_HAL_Driver/Src/stm32f4xx_hal_uart.o
 .text.UART_EndTxTransfer
                0x0000000008005d8e       0x50 ./Drivers/STM32F4xx_HAL_Driver/Src/stm32f4xx_hal_uart.o
 .text.UART_EndRxTransfer
                0x0000000008005dde       0xc6 ./Drivers/STM32F4xx_HAL_Driver/Src/stm32f4xx_hal_uart.o
 .text.UART_SetConfig
                0x0000000008005ea4      0x4e8 ./Drivers/STM32F4xx_HAL_Driver/Src/stm32f4xx_hal_uart.o
 .text.USB_CoreInit
                0x000000000800638c       0xc2 ./Drivers/STM32F4xx_HAL_Driver/Src/stm32f4xx_ll_usb.o
                0x000000000800638c                USB_CoreInit
 .text.USB_DisableGlobalInt
                0x000000000800644e       0x22 ./Drivers/STM32F4xx_HAL_Driver/Src/stm32f4xx_ll_usb.o
                0x000000000800644e                USB_DisableGlobalInt
 .text.USB_SetCurrentMode
                0x0000000008006470       0x98 ./Drivers/STM32F4xx_HAL_Driver/Src/stm32f4xx_ll_usb.o
                0x0000000008006470                USB_SetCurrentMode
 .text.USB_DevInit
                0x0000000008006508      0x2c8 ./Drivers/STM32F4xx_HAL_Driver/Src/stm32f4xx_ll_usb.o
                0x0000000008006508                USB_DevInit
 .text.USB_FlushTxFifo
                0x00000000080067d0       0x68 ./Drivers/STM32F4xx_HAL_Driver/Src/stm32f4xx_ll_usb.o
                0x00000000080067d0                USB_FlushTxFifo
 .text.USB_FlushRxFifo
                0x0000000008006838       0x60 ./Drivers/STM32F4xx_HAL_Driver/Src/stm32f4xx_ll_usb.o
                0x0000000008006838                USB_FlushRxFifo
 .text.USB_SetDevSpeed
                0x0000000008006898       0x32 ./Drivers/STM32F4xx_HAL_Driver/Src/stm32f4xx_ll_usb.o
                0x0000000008006898                USB_SetDevSpeed
 .text.USB_DevDisconnect
                0x00000000080068ca       0x42 ./Drivers/STM32F4xx_HAL_Driver/Src/stm32f4xx_ll_usb.o
                0x00000000080068ca                USB_DevDisconnect
 .text.USB_GetMode
                0x000000000800690c       0x1c ./Drivers/STM32F4xx_HAL_Driver/Src/stm32f4xx_ll_usb.o
                0x000000000800690c                USB_GetMode
 .text.USB_CoreReset
                0x0000000008006928       0x68 ./Drivers/STM32F4xx_HAL_Driver/Src/stm32f4xx_ll_usb.o
 .text.realloc  0x0000000008006990       0x10 C:/ST/STM32CubeIDE_1.10.1/STM32CubeIDE/plugins/com.st.stm32cube.ide.mcu.externaltools.gnu-tools-for-stm32.11.3.rel1.win32_1.1.0.202305231506/tools/bin/../lib/gcc/arm-none-eabi/11.3.1/../../../../arm-none-eabi/lib/thumb/v7e-m+fp/hard\libc_nano.a(libc_a-realloc.o)
                0x0000000008006990                realloc
 .text._realloc_r
                0x00000000080069a0       0x5e C:/ST/STM32CubeIDE_1.10.1/STM32CubeIDE/plugins/com.st.stm32cube.ide.mcu.externaltools.gnu-tools-for-stm32.11.3.rel1.win32_1.1.0.202305231506/tools/bin/../lib/gcc/arm-none-eabi/11.3.1/../../../../arm-none-eabi/lib/thumb/v7e-m+fp/hard\libc_nano.a(libc_a-reallocr.o)
                0x00000000080069a0                _realloc_r
 .text.memset   0x00000000080069fe       0x10 C:/ST/STM32CubeIDE_1.10.1/STM32CubeIDE/plugins/com.st.stm32cube.ide.mcu.externaltools.gnu-tools-for-stm32.11.3.rel1.win32_1.1.0.202305231506/tools/bin/../lib/gcc/arm-none-eabi/11.3.1/../../../../arm-none-eabi/lib/thumb/v7e-m+fp/hard\libc_nano.a(libc_a-memset.o)
                0x00000000080069fe                memset
 *fill*         0x0000000008006a0e        0x2 
 .text.__errno  0x0000000008006a10        0xc C:/ST/STM32CubeIDE_1.10.1/STM32CubeIDE/plugins/com.st.stm32cube.ide.mcu.externaltools.gnu-tools-for-stm32.11.3.rel1.win32_1.1.0.202305231506/tools/bin/../lib/gcc/arm-none-eabi/11.3.1/../../../../arm-none-eabi/lib/thumb/v7e-m+fp/hard\libc_nano.a(libc_a-errno.o)
                0x0000000008006a10                __errno
 .text.__libc_init_array
                0x0000000008006a1c       0x48 C:/ST/STM32CubeIDE_1.10.1/STM32CubeIDE/plugins/com.st.stm32cube.ide.mcu.externaltools.gnu-tools-for-stm32.11.3.rel1.win32_1.1.0.202305231506/tools/bin/../lib/gcc/arm-none-eabi/11.3.1/../../../../arm-none-eabi/lib/thumb/v7e-m+fp/hard\libc_nano.a(libc_a-init.o)
                0x0000000008006a1c                __libc_init_array
 .text.__retarget_lock_acquire_recursive
                0x0000000008006a64        0x2 C:/ST/STM32CubeIDE_1.10.1/STM32CubeIDE/plugins/com.st.stm32cube.ide.mcu.externaltools.gnu-tools-for-stm32.11.3.rel1.win32_1.1.0.202305231506/tools/bin/../lib/gcc/arm-none-eabi/11.3.1/../../../../arm-none-eabi/lib/thumb/v7e-m+fp/hard\libc_nano.a(libc_a-lock.o)
                0x0000000008006a64                __retarget_lock_acquire_recursive
 .text.__retarget_lock_release_recursive
                0x0000000008006a66        0x2 C:/ST/STM32CubeIDE_1.10.1/STM32CubeIDE/plugins/com.st.stm32cube.ide.mcu.externaltools.gnu-tools-for-stm32.11.3.rel1.win32_1.1.0.202305231506/tools/bin/../lib/gcc/arm-none-eabi/11.3.1/../../../../arm-none-eabi/lib/thumb/v7e-m+fp/hard\libc_nano.a(libc_a-lock.o)
                0x0000000008006a66                __retarget_lock_release_recursive
 .text.memcpy   0x0000000008006a68       0x1c C:/ST/STM32CubeIDE_1.10.1/STM32CubeIDE/plugins/com.st.stm32cube.ide.mcu.externaltools.gnu-tools-for-stm32.11.3.rel1.win32_1.1.0.202305231506/tools/bin/../lib/gcc/arm-none-eabi/11.3.1/../../../../arm-none-eabi/lib/thumb/v7e-m+fp/hard\libc_nano.a(libc_a-memcpy-stub.o)
                0x0000000008006a68                memcpy
 .text._free_r  0x0000000008006a84       0x98 C:/ST/STM32CubeIDE_1.10.1/STM32CubeIDE/plugins/com.st.stm32cube.ide.mcu.externaltools.gnu-tools-for-stm32.11.3.rel1.win32_1.1.0.202305231506/tools/bin/../lib/gcc/arm-none-eabi/11.3.1/../../../../arm-none-eabi/lib/thumb/v7e-m+fp/hard\libc_nano.a(libc_a-freer.o)
                0x0000000008006a84                _free_r
 .text.sbrk_aligned
                0x0000000008006b1c       0x40 C:/ST/STM32CubeIDE_1.10.1/STM32CubeIDE/plugins/com.st.stm32cube.ide.mcu.externaltools.gnu-tools-for-stm32.11.3.rel1.win32_1.1.0.202305231506/tools/bin/../lib/gcc/arm-none-eabi/11.3.1/../../../../arm-none-eabi/lib/thumb/v7e-m+fp/hard\libc_nano.a(libc_a-mallocr.o)
 .text._malloc_r
                0x0000000008006b5c      0x100 C:/ST/STM32CubeIDE_1.10.1/STM32CubeIDE/plugins/com.st.stm32cube.ide.mcu.externaltools.gnu-tools-for-stm32.11.3.rel1.win32_1.1.0.202305231506/tools/bin/../lib/gcc/arm-none-eabi/11.3.1/../../../../arm-none-eabi/lib/thumb/v7e-m+fp/hard\libc_nano.a(libc_a-mallocr.o)
                0x0000000008006b5c                _malloc_r
 .text.__malloc_lock
                0x0000000008006c5c        0xc C:/ST/STM32CubeIDE_1.10.1/STM32CubeIDE/plugins/com.st.stm32cube.ide.mcu.externaltools.gnu-tools-for-stm32.11.3.rel1.win32_1.1.0.202305231506/tools/bin/../lib/gcc/arm-none-eabi/11.3.1/../../../../arm-none-eabi/lib/thumb/v7e-m+fp/hard\libc_nano.a(libc_a-mlock.o)
                0x0000000008006c5c                __malloc_lock
 .text.__malloc_unlock
                0x0000000008006c68        0xc C:/ST/STM32CubeIDE_1.10.1/STM32CubeIDE/plugins/com.st.stm32cube.ide.mcu.externaltools.gnu-tools-for-stm32.11.3.rel1.win32_1.1.0.202305231506/tools/bin/../lib/gcc/arm-none-eabi/11.3.1/../../../../arm-none-eabi/lib/thumb/v7e-m+fp/hard\libc_nano.a(libc_a-mlock.o)
                0x0000000008006c68                __malloc_unlock
 .text._malloc_usable_size_r
                0x0000000008006c74       0x10 C:/ST/STM32CubeIDE_1.10.1/STM32CubeIDE/plugins/com.st.stm32cube.ide.mcu.externaltools.gnu-tools-for-stm32.11.3.rel1.win32_1.1.0.202305231506/tools/bin/../lib/gcc/arm-none-eabi/11.3.1/../../../../arm-none-eabi/lib/thumb/v7e-m+fp/hard\libc_nano.a(libc_a-msizer.o)
                0x0000000008006c74                _malloc_usable_size_r
 .text._sbrk_r  0x0000000008006c84       0x20 C:/ST/STM32CubeIDE_1.10.1/STM32CubeIDE/plugins/com.st.stm32cube.ide.mcu.externaltools.gnu-tools-for-stm32.11.3.rel1.win32_1.1.0.202305231506/tools/bin/../lib/gcc/arm-none-eabi/11.3.1/../../../../arm-none-eabi/lib/thumb/v7e-m+fp/hard\libc_nano.a(libc_a-sbrkr.o)
                0x0000000008006c84                _sbrk_r
 *(.glue_7)
 .glue_7        0x0000000008006ca4        0x0 linker stubs
 *(.glue_7t)
 .glue_7t       0x0000000008006ca4        0x0 linker stubs
 *(.eh_frame)
 .eh_frame      0x0000000008006ca4        0x0 C:/ST/STM32CubeIDE_1.10.1/STM32CubeIDE/plugins/com.st.stm32cube.ide.mcu.externaltools.gnu-tools-for-stm32.11.3.rel1.win32_1.1.0.202305231506/tools/bin/../lib/gcc/arm-none-eabi/11.3.1/thumb/v7e-m+fp/hard/crtbegin.o
 *(.init)
 .init          0x0000000008006ca4        0x4 C:/ST/STM32CubeIDE_1.10.1/STM32CubeIDE/plugins/com.st.stm32cube.ide.mcu.externaltools.gnu-tools-for-stm32.11.3.rel1.win32_1.1.0.202305231506/tools/bin/../lib/gcc/arm-none-eabi/11.3.1/thumb/v7e-m+fp/hard/crti.o
                0x0000000008006ca4                _init
 .init          0x0000000008006ca8        0x8 C:/ST/STM32CubeIDE_1.10.1/STM32CubeIDE/plugins/com.st.stm32cube.ide.mcu.externaltools.gnu-tools-for-stm32.11.3.rel1.win32_1.1.0.202305231506/tools/bin/../lib/gcc/arm-none-eabi/11.3.1/thumb/v7e-m+fp/hard/crtn.o
 *(.fini)
 .fini          0x0000000008006cb0        0x4 C:/ST/STM32CubeIDE_1.10.1/STM32CubeIDE/plugins/com.st.stm32cube.ide.mcu.externaltools.gnu-tools-for-stm32.11.3.rel1.win32_1.1.0.202305231506/tools/bin/../lib/gcc/arm-none-eabi/11.3.1/thumb/v7e-m+fp/hard/crti.o
                0x0000000008006cb0                _fini
 .fini          0x0000000008006cb4        0x8 C:/ST/STM32CubeIDE_1.10.1/STM32CubeIDE/plugins/com.st.stm32cube.ide.mcu.externaltools.gnu-tools-for-stm32.11.3.rel1.win32_1.1.0.202305231506/tools/bin/../lib/gcc/arm-none-eabi/11.3.1/thumb/v7e-m+fp/hard/crtn.o
                0x0000000008006cbc                . = ALIGN (0x4)
                0x0000000008006cbc                _etext = .

.vfp11_veneer   0x0000000008006cbc        0x0
 .vfp11_veneer  0x0000000008006cbc        0x0 linker stubs

.v4_bx          0x0000000008006cbc        0x0
 .v4_bx         0x0000000008006cbc        0x0 linker stubs

.iplt           0x0000000008006cbc        0x0
 .iplt          0x0000000008006cbc        0x0 C:/ST/STM32CubeIDE_1.10.1/STM32CubeIDE/plugins/com.st.stm32cube.ide.mcu.externaltools.gnu-tools-for-stm32.11.3.rel1.win32_1.1.0.202305231506/tools/bin/../lib/gcc/arm-none-eabi/11.3.1/thumb/v7e-m+fp/hard/crtbegin.o

.rodata         0x0000000008006cbc      0x31c
                0x0000000008006cbc                . = ALIGN (0x4)
 *(.rodata)
 .rodata        0x0000000008006cbc      0x1cf ./Core/Src/user/ros_port.o
 *(.rodata*)
 *fill*         0x0000000008006e8b        0x1 
 .rodata.AHBPrescTable
                0x0000000008006e8c       0x10 ./Core/Src/system_stm32f4xx.o
                0x0000000008006e8c                AHBPrescTable
 .rodata.APBPrescTable
                0x0000000008006e9c        0x8 ./Core/Src/system_stm32f4xx.o
                0x0000000008006e9c                APBPrescTable
 .rodata._ZN14rosserial_msgsL12REQUESTPARAME
                0x0000000008006ea4       0x1c ./Core/Src/user/ros_port.o
 .rodata._ZTVN3ros10SubscriberIN8std_msgs5Int64EvEE
                0x0000000008006ec0       0x18 ./Core/Src/user/ros_port.o
                0x0000000008006ec0                vtable for ros::Subscriber<std_msgs::Int64, void>
 .rodata._ZTVN3ros11NodeHandle_I13STM32HardwareLi25ELi25ELi512ELi512EEE
                0x0000000008006ed8       0x14 ./Core/Src/user/ros_port.o
                0x0000000008006ed8                vtable for ros::NodeHandle_<STM32Hardware, 25, 25, 512, 512>
 .rodata._ZTVN8std_msgs5Int64E
                0x0000000008006eec       0x18 ./Core/Src/user/ros_port.o
                0x0000000008006eec                vtable for std_msgs::Int64
 .rodata._ZTVN13geometry_msgs5TwistE
                0x0000000008006f04       0x18 ./Core/Src/user/ros_port.o
                0x0000000008006f04                vtable for geometry_msgs::Twist
 .rodata._ZTVN13geometry_msgs7Vector3E
                0x0000000008006f1c       0x18 ./Core/Src/user/ros_port.o
                0x0000000008006f1c                vtable for geometry_msgs::Vector3
 .rodata._ZTVN3ros11Subscriber_E
                0x0000000008006f34       0x18 ./Core/Src/user/ros_port.o
                0x0000000008006f34                vtable for ros::Subscriber_
 .rodata._ZTVN3ros15NodeHandleBase_E
                0x0000000008006f4c       0x14 ./Core/Src/user/ros_port.o
                0x0000000008006f4c                vtable for ros::NodeHandleBase_
 .rodata._ZTVN14rosserial_msgs20RequestParamResponseE
                0x0000000008006f60       0x18 ./Core/Src/user/ros_port.o
                0x0000000008006f60                vtable for rosserial_msgs::RequestParamResponse
 .rodata._ZTVN14rosserial_msgs3LogE
                0x0000000008006f78       0x18 ./Core/Src/user/ros_port.o
                0x0000000008006f78                vtable for rosserial_msgs::Log
 .rodata._ZTVN14rosserial_msgs9TopicInfoE
                0x0000000008006f90       0x18 ./Core/Src/user/ros_port.o
                0x0000000008006f90                vtable for rosserial_msgs::TopicInfo
 .rodata._ZTVN8std_msgs4TimeE
                0x0000000008006fa8       0x18 ./Core/Src/user/ros_port.o
                0x0000000008006fa8                vtable for std_msgs::Time
 .rodata._ZTVN3ros3MsgE
                0x0000000008006fc0       0x18 ./Core/Src/user/ros_port.o
                0x0000000008006fc0                vtable for ros::Msg
                0x0000000008006fd8                . = ALIGN (0x4)

.ARM.extab      0x0000000008006fd8        0x0
                0x0000000008006fd8                . = ALIGN (0x4)
 *(.ARM.extab* .gnu.linkonce.armextab.*)
                0x0000000008006fd8                . = ALIGN (0x4)

.ARM            0x0000000008006fd8        0x8
                0x0000000008006fd8                . = ALIGN (0x4)
                0x0000000008006fd8                __exidx_start = .
 *(.ARM.exidx*)
 .ARM.exidx     0x0000000008006fd8        0x8 C:/ST/STM32CubeIDE_1.10.1/STM32CubeIDE/plugins/com.st.stm32cube.ide.mcu.externaltools.gnu-tools-for-stm32.11.3.rel1.win32_1.1.0.202305231506/tools/bin/../lib/gcc/arm-none-eabi/11.3.1/thumb/v7e-m+fp/hard\libgcc.a(_udivmoddi4.o)
                0x0000000008006fe0                __exidx_end = .
                0x0000000008006fe0                . = ALIGN (0x4)

.rel.dyn        0x0000000008006fe0        0x0
 .rel.iplt      0x0000000008006fe0        0x0 C:/ST/STM32CubeIDE_1.10.1/STM32CubeIDE/plugins/com.st.stm32cube.ide.mcu.externaltools.gnu-tools-for-stm32.11.3.rel1.win32_1.1.0.202305231506/tools/bin/../lib/gcc/arm-none-eabi/11.3.1/thumb/v7e-m+fp/hard/crtbegin.o

.preinit_array  0x0000000008006fe0        0x0
                0x0000000008006fe0                . = ALIGN (0x4)
                0x0000000008006fe0                PROVIDE (__preinit_array_start = .)
 *(.preinit_array*)
                0x0000000008006fe0                PROVIDE (__preinit_array_end = .)
                0x0000000008006fe0                . = ALIGN (0x4)

.init_array     0x0000000008006fe0        0x8
                0x0000000008006fe0                . = ALIGN (0x4)
                0x0000000008006fe0                PROVIDE (__init_array_start = .)
 *(SORT_BY_NAME(.init_array.*))
 *(.init_array*)
 .init_array    0x0000000008006fe0        0x4 C:/ST/STM32CubeIDE_1.10.1/STM32CubeIDE/plugins/com.st.stm32cube.ide.mcu.externaltools.gnu-tools-for-stm32.11.3.rel1.win32_1.1.0.202305231506/tools/bin/../lib/gcc/arm-none-eabi/11.3.1/thumb/v7e-m+fp/hard/crtbegin.o
 .init_array    0x0000000008006fe4        0x4 ./Core/Src/user/ros_port.o
                0x0000000008006fe8                PROVIDE (__init_array_end = .)
                0x0000000008006fe8                . = ALIGN (0x4)

.fini_array     0x0000000008006fe8        0x4
                0x0000000008006fe8                . = ALIGN (0x4)
                [!provide]                        PROVIDE (__fini_array_start = .)
 *(SORT_BY_NAME(.fini_array.*))
 *(.fini_array*)
 .fini_array    0x0000000008006fe8        0x4 C:/ST/STM32CubeIDE_1.10.1/STM32CubeIDE/plugins/com.st.stm32cube.ide.mcu.externaltools.gnu-tools-for-stm32.11.3.rel1.win32_1.1.0.202305231506/tools/bin/../lib/gcc/arm-none-eabi/11.3.1/thumb/v7e-m+fp/hard/crtbegin.o
                [!provide]                        PROVIDE (__fini_array_end = .)
                0x0000000008006fec                . = ALIGN (0x4)
                0x0000000008006fec                _sidata = LOADADDR (.data)

.data           0x0000000020000000       0x5c load address 0x0000000008006fec
                0x0000000020000000                . = ALIGN (0x4)
                0x0000000020000000                _sdata = .
 *(.data)
 *(.data*)
 .data.SystemCoreClock
                0x0000000020000000        0x4 ./Core/Src/system_stm32f4xx.o
                0x0000000020000000                SystemCoreClock
 .data.uwTickPrio
                0x0000000020000004        0x4 ./Drivers/STM32F4xx_HAL_Driver/Src/stm32f4xx_hal.o
                0x0000000020000004                uwTickPrio
 .data.uwTickFreq
                0x0000000020000008        0x1 ./Drivers/STM32F4xx_HAL_Driver/Src/stm32f4xx_hal.o
                0x0000000020000008                uwTickFreq
 *fill*         0x0000000020000009        0x3 
 .data._impure_data
                0x000000002000000c       0x4c C:/ST/STM32CubeIDE_1.10.1/STM32CubeIDE/plugins/com.st.stm32cube.ide.mcu.externaltools.gnu-tools-for-stm32.11.3.rel1.win32_1.1.0.202305231506/tools/bin/../lib/gcc/arm-none-eabi/11.3.1/../../../../arm-none-eabi/lib/thumb/v7e-m+fp/hard\libc_nano.a(libc_a-impure.o)
                0x000000002000000c                _impure_data
 .data._impure_ptr
                0x0000000020000058        0x4 C:/ST/STM32CubeIDE_1.10.1/STM32CubeIDE/plugins/com.st.stm32cube.ide.mcu.externaltools.gnu-tools-for-stm32.11.3.rel1.win32_1.1.0.202305231506/tools/bin/../lib/gcc/arm-none-eabi/11.3.1/../../../../arm-none-eabi/lib/thumb/v7e-m+fp/hard\libc_nano.a(libc_a-impure.o)
                0x0000000020000058                _impure_ptr
 *(.RamFunc)
 *(.RamFunc*)
                0x000000002000005c                . = ALIGN (0x4)
                0x000000002000005c                _edata = .
                0x0000000008007048                _siccmram = LOADADDR (.ccmram)

.igot.plt       0x000000002000005c        0x0 load address 0x0000000008007048
 .igot.plt      0x000000002000005c        0x0 C:/ST/STM32CubeIDE_1.10.1/STM32CubeIDE/plugins/com.st.stm32cube.ide.mcu.externaltools.gnu-tools-for-stm32.11.3.rel1.win32_1.1.0.202305231506/tools/bin/../lib/gcc/arm-none-eabi/11.3.1/thumb/v7e-m+fp/hard/crtbegin.o

.ccmram         0x0000000010000000        0x0 load address 0x0000000008007048
                0x0000000010000000                . = ALIGN (0x4)
                0x0000000010000000                _sccmram = .
 *(.ccmram)
 *(.ccmram*)
                0x0000000010000000                . = ALIGN (0x4)
                0x0000000010000000                _eccmram = .
                0x0000000010000000                . = ALIGN (0x4)

.bss            0x0000000020000060     0x1308
                0x0000000020000060                _sbss = .
                0x0000000020000060                __bss_start__ = _sbss
 *(.bss)
 .bss           0x0000000020000060       0x1c C:/ST/STM32CubeIDE_1.10.1/STM32CubeIDE/plugins/com.st.stm32cube.ide.mcu.externaltools.gnu-tools-for-stm32.11.3.rel1.win32_1.1.0.202305231506/tools/bin/../lib/gcc/arm-none-eabi/11.3.1/thumb/v7e-m+fp/hard/crtbegin.o
 *(.bss*)
 .bss.TxConfig  0x000000002000007c       0x38 ./Core/Src/main.o
                0x000000002000007c                TxConfig
 .bss.DMARxDscrTab
                0x00000000200000b4       0xa0 ./Core/Src/main.o
                0x00000000200000b4                DMARxDscrTab
 .bss.DMATxDscrTab
                0x0000000020000154       0xa0 ./Core/Src/main.o
                0x0000000020000154                DMATxDscrTab
 .bss.heth      0x00000000200001f4       0xb0 ./Core/Src/main.o
                0x00000000200001f4                heth
 .bss.htim2     0x00000000200002a4       0x48 ./Core/Src/main.o
                0x00000000200002a4                htim2
 .bss.huart3    0x00000000200002ec       0x44 ./Core/Src/main.o
                0x00000000200002ec                huart3
 .bss.hpcd_USB_OTG_FS
                0x0000000020000330      0x50c ./Core/Src/main.o
                0x0000000020000330                hpcd_USB_OTG_FS
 .bss.MACAddr.0
                0x000000002000083c        0x6 ./Core/Src/main.o
 *fill*         0x0000000020000842        0x2 
 .bss.__sbrk_heap_end
                0x0000000020000844        0x4 ./Core/Src/sysmem.o
 .bss.t_ms      0x0000000020000848        0x4 ./Core/Src/user/TIM_IT.o
                0x0000000020000848                t_ms
 .bss._ZZN13STM32Hardware5flushEvE5mutex
                0x000000002000084c        0x1 ./Core/Src/user/ros_port.o
                0x000000002000084c                STM32Hardware::flush()::mutex
 *fill*         0x000000002000084d        0x3 
 .bss.count     0x0000000020000850        0x4 ./Core/Src/user/ros_port.o
                0x0000000020000850                count
 *fill*         0x0000000020000854        0x4 
 .bss.speed     0x0000000020000858       0x48 ./Core/Src/user/ros_port.o
                0x0000000020000858                speed
 .bss.nh        0x00000000200008a0      0x93c ./Core/Src/user/ros_port.o
                0x00000000200008a0                nh
 *fill*         0x00000000200011dc        0x4 
 .bss.sub       0x00000000200011e0       0x28 ./Core/Src/user/ros_port.o
                0x00000000200011e0                sub
 .bss.pub_vel   0x0000000020001208       0x14 ./Core/Src/user/ros_port.o
                0x0000000020001208                pub_vel
 .bss.uwTick    0x000000002000121c        0x4 ./Drivers/STM32F4xx_HAL_Driver/Src/stm32f4xx_hal.o
                0x000000002000121c                uwTick
 .bss.__sf      0x0000000020001220      0x138 C:/ST/STM32CubeIDE_1.10.1/STM32CubeIDE/plugins/com.st.stm32cube.ide.mcu.externaltools.gnu-tools-for-stm32.11.3.rel1.win32_1.1.0.202305231506/tools/bin/../lib/gcc/arm-none-eabi/11.3.1/../../../../arm-none-eabi/lib/thumb/v7e-m+fp/hard\libc_nano.a(libc_a-findfp.o)
                0x0000000020001220                __sf
 .bss.errno     0x0000000020001358        0x4 C:/ST/STM32CubeIDE_1.10.1/STM32CubeIDE/plugins/com.st.stm32cube.ide.mcu.externaltools.gnu-tools-for-stm32.11.3.rel1.win32_1.1.0.202305231506/tools/bin/../lib/gcc/arm-none-eabi/11.3.1/../../../../arm-none-eabi/lib/thumb/v7e-m+fp/hard\libc_nano.a(libc_a-reent.o)
                0x0000000020001358                errno
 .bss.__lock___malloc_recursive_mutex
                0x000000002000135c        0x1 C:/ST/STM32CubeIDE_1.10.1/STM32CubeIDE/plugins/com.st.stm32cube.ide.mcu.externaltools.gnu-tools-for-stm32.11.3.rel1.win32_1.1.0.202305231506/tools/bin/../lib/gcc/arm-none-eabi/11.3.1/../../../../arm-none-eabi/lib/thumb/v7e-m+fp/hard\libc_nano.a(libc_a-lock.o)
                0x000000002000135c                __lock___malloc_recursive_mutex
 *fill*         0x000000002000135d        0x3 
 .bss.__malloc_free_list
                0x0000000020001360        0x4 C:/ST/STM32CubeIDE_1.10.1/STM32CubeIDE/plugins/com.st.stm32cube.ide.mcu.externaltools.gnu-tools-for-stm32.11.3.rel1.win32_1.1.0.202305231506/tools/bin/../lib/gcc/arm-none-eabi/11.3.1/../../../../arm-none-eabi/lib/thumb/v7e-m+fp/hard\libc_nano.a(libc_a-mallocr.o)
                0x0000000020001360                __malloc_free_list
 .bss.__malloc_sbrk_start
                0x0000000020001364        0x4 C:/ST/STM32CubeIDE_1.10.1/STM32CubeIDE/plugins/com.st.stm32cube.ide.mcu.externaltools.gnu-tools-for-stm32.11.3.rel1.win32_1.1.0.202305231506/tools/bin/../lib/gcc/arm-none-eabi/11.3.1/../../../../arm-none-eabi/lib/thumb/v7e-m+fp/hard\libc_nano.a(libc_a-mallocr.o)
                0x0000000020001364                __malloc_sbrk_start
 *(COMMON)
                0x0000000020001368                . = ALIGN (0x4)
                0x0000000020001368                _ebss = .
                0x0000000020001368                __bss_end__ = _ebss

._user_heap_stack
                0x0000000020001368      0x600
                0x0000000020001368                . = ALIGN (0x8)
                [!provide]                        PROVIDE (end = .)
                0x0000000020001368                PROVIDE (_end = .)
                0x0000000020001568                . = (. + _Min_Heap_Size)
 *fill*         0x0000000020001368      0x200 
                0x0000000020001968                . = (. + _Min_Stack_Size)
 *fill*         0x0000000020001568      0x400 
                0x0000000020001968                . = ALIGN (0x8)

/DISCARD/
 libc.a(*)
 libm.a(*)
 libgcc.a(*)

.ARM.attributes
                0x0000000000000000       0x30
 *(.ARM.attributes)
 .ARM.attributes
                0x0000000000000000       0x1e C:/ST/STM32CubeIDE_1.10.1/STM32CubeIDE/plugins/com.st.stm32cube.ide.mcu.externaltools.gnu-tools-for-stm32.11.3.rel1.win32_1.1.0.202305231506/tools/bin/../lib/gcc/arm-none-eabi/11.3.1/thumb/v7e-m+fp/hard/crti.o
 .ARM.attributes
                0x000000000000001e       0x34 C:/ST/STM32CubeIDE_1.10.1/STM32CubeIDE/plugins/com.st.stm32cube.ide.mcu.externaltools.gnu-tools-for-stm32.11.3.rel1.win32_1.1.0.202305231506/tools/bin/../lib/gcc/arm-none-eabi/11.3.1/thumb/v7e-m+fp/hard/crtbegin.o
 .ARM.attributes
                0x0000000000000052       0x34 ./Core/Inc/user_lib/ros_lib/time.o
 .ARM.attributes
                0x0000000000000086       0x34 ./Core/Src/main.o
 .ARM.attributes
                0x00000000000000ba       0x34 ./Core/Src/stm32f4xx_hal_msp.o
 .ARM.attributes
                0x00000000000000ee       0x34 ./Core/Src/stm32f4xx_it.o
 .ARM.attributes
                0x0000000000000122       0x34 ./Core/Src/sysmem.o
 .ARM.attributes
                0x0000000000000156       0x34 ./Core/Src/system_stm32f4xx.o
 .ARM.attributes
                0x000000000000018a       0x34 ./Core/Src/user/TIM_IT.o
 .ARM.attributes
                0x00000000000001be       0x34 ./Core/Src/user/mainpp.o
 .ARM.attributes
                0x00000000000001f2       0x34 ./Core/Src/user/ros_port.o
 .ARM.attributes
                0x0000000000000226       0x21 ./Core/Startup/startup_stm32f429zitx.o
 .ARM.attributes
                0x0000000000000247       0x34 ./Drivers/STM32F4xx_HAL_Driver/Src/stm32f4xx_hal.o
 .ARM.attributes
                0x000000000000027b       0x34 ./Drivers/STM32F4xx_HAL_Driver/Src/stm32f4xx_hal_cortex.o
 .ARM.attributes
                0x00000000000002af       0x34 ./Drivers/STM32F4xx_HAL_Driver/Src/stm32f4xx_hal_dma.o
 .ARM.attributes
                0x00000000000002e3       0x34 ./Drivers/STM32F4xx_HAL_Driver/Src/stm32f4xx_hal_eth.o
 .ARM.attributes
                0x0000000000000317       0x34 ./Drivers/STM32F4xx_HAL_Driver/Src/stm32f4xx_hal_gpio.o
 .ARM.attributes
                0x000000000000034b       0x34 ./Drivers/STM32F4xx_HAL_Driver/Src/stm32f4xx_hal_pcd.o
 .ARM.attributes
                0x000000000000037f       0x34 ./Drivers/STM32F4xx_HAL_Driver/Src/stm32f4xx_hal_rcc.o
 .ARM.attributes
                0x00000000000003b3       0x34 ./Drivers/STM32F4xx_HAL_Driver/Src/stm32f4xx_hal_tim.o
 .ARM.attributes
                0x00000000000003e7       0x34 ./Drivers/STM32F4xx_HAL_Driver/Src/stm32f4xx_hal_tim_ex.o
 .ARM.attributes
                0x000000000000041b       0x34 ./Drivers/STM32F4xx_HAL_Driver/Src/stm32f4xx_hal_uart.o
 .ARM.attributes
                0x000000000000044f       0x34 ./Drivers/STM32F4xx_HAL_Driver/Src/stm32f4xx_ll_usb.o
 .ARM.attributes
                0x0000000000000483       0x34 C:/ST/STM32CubeIDE_1.10.1/STM32CubeIDE/plugins/com.st.stm32cube.ide.mcu.externaltools.gnu-tools-for-stm32.11.3.rel1.win32_1.1.0.202305231506/tools/bin/../lib/gcc/arm-none-eabi/11.3.1/../../../../arm-none-eabi/lib/thumb/v7e-m+fp/hard\libc_nano.a(libc_a-realloc.o)
 .ARM.attributes
                0x00000000000004b7       0x34 C:/ST/STM32CubeIDE_1.10.1/STM32CubeIDE/plugins/com.st.stm32cube.ide.mcu.externaltools.gnu-tools-for-stm32.11.3.rel1.win32_1.1.0.202305231506/tools/bin/../lib/gcc/arm-none-eabi/11.3.1/../../../../arm-none-eabi/lib/thumb/v7e-m+fp/hard\libc_nano.a(libc_a-reallocr.o)
 .ARM.attributes
                0x00000000000004eb       0x34 C:/ST/STM32CubeIDE_1.10.1/STM32CubeIDE/plugins/com.st.stm32cube.ide.mcu.externaltools.gnu-tools-for-stm32.11.3.rel1.win32_1.1.0.202305231506/tools/bin/../lib/gcc/arm-none-eabi/11.3.1/../../../../arm-none-eabi/lib/thumb/v7e-m+fp/hard\libc_nano.a(libc_a-findfp.o)
 .ARM.attributes
                0x000000000000051f       0x34 C:/ST/STM32CubeIDE_1.10.1/STM32CubeIDE/plugins/com.st.stm32cube.ide.mcu.externaltools.gnu-tools-for-stm32.11.3.rel1.win32_1.1.0.202305231506/tools/bin/../lib/gcc/arm-none-eabi/11.3.1/../../../../arm-none-eabi/lib/thumb/v7e-m+fp/hard\libc_nano.a(libc_a-memset.o)
 .ARM.attributes
                0x0000000000000553       0x34 C:/ST/STM32CubeIDE_1.10.1/STM32CubeIDE/plugins/com.st.stm32cube.ide.mcu.externaltools.gnu-tools-for-stm32.11.3.rel1.win32_1.1.0.202305231506/tools/bin/../lib/gcc/arm-none-eabi/11.3.1/../../../../arm-none-eabi/lib/thumb/v7e-m+fp/hard\libc_nano.a(libc_a-reent.o)
 .ARM.attributes
                0x0000000000000587       0x34 C:/ST/STM32CubeIDE_1.10.1/STM32CubeIDE/plugins/com.st.stm32cube.ide.mcu.externaltools.gnu-tools-for-stm32.11.3.rel1.win32_1.1.0.202305231506/tools/bin/../lib/gcc/arm-none-eabi/11.3.1/../../../../arm-none-eabi/lib/thumb/v7e-m+fp/hard\libc_nano.a(libc_a-impure.o)
 .ARM.attributes
                0x00000000000005bb       0x34 C:/ST/STM32CubeIDE_1.10.1/STM32CubeIDE/plugins/com.st.stm32cube.ide.mcu.externaltools.gnu-tools-for-stm32.11.3.rel1.win32_1.1.0.202305231506/tools/bin/../lib/gcc/arm-none-eabi/11.3.1/../../../../arm-none-eabi/lib/thumb/v7e-m+fp/hard\libc_nano.a(libc_a-errno.o)
 .ARM.attributes
                0x00000000000005ef       0x34 C:/ST/STM32CubeIDE_1.10.1/STM32CubeIDE/plugins/com.st.stm32cube.ide.mcu.externaltools.gnu-tools-for-stm32.11.3.rel1.win32_1.1.0.202305231506/tools/bin/../lib/gcc/arm-none-eabi/11.3.1/../../../../arm-none-eabi/lib/thumb/v7e-m+fp/hard\libc_nano.a(libc_a-init.o)
 .ARM.attributes
                0x0000000000000623       0x34 C:/ST/STM32CubeIDE_1.10.1/STM32CubeIDE/plugins/com.st.stm32cube.ide.mcu.externaltools.gnu-tools-for-stm32.11.3.rel1.win32_1.1.0.202305231506/tools/bin/../lib/gcc/arm-none-eabi/11.3.1/../../../../arm-none-eabi/lib/thumb/v7e-m+fp/hard\libc_nano.a(libc_a-lock.o)
 .ARM.attributes
                0x0000000000000657       0x34 C:/ST/STM32CubeIDE_1.10.1/STM32CubeIDE/plugins/com.st.stm32cube.ide.mcu.externaltools.gnu-tools-for-stm32.11.3.rel1.win32_1.1.0.202305231506/tools/bin/../lib/gcc/arm-none-eabi/11.3.1/../../../../arm-none-eabi/lib/thumb/v7e-m+fp/hard\libc_nano.a(libc_a-memcpy-stub.o)
 .ARM.attributes
                0x000000000000068b       0x17 C:/ST/STM32CubeIDE_1.10.1/STM32CubeIDE/plugins/com.st.stm32cube.ide.mcu.externaltools.gnu-tools-for-stm32.11.3.rel1.win32_1.1.0.202305231506/tools/bin/../lib/gcc/arm-none-eabi/11.3.1/../../../../arm-none-eabi/lib/thumb/v7e-m+fp/hard\libc_nano.a(libc_a-strlen.o)
 .ARM.attributes
                0x00000000000006a2       0x34 C:/ST/STM32CubeIDE_1.10.1/STM32CubeIDE/plugins/com.st.stm32cube.ide.mcu.externaltools.gnu-tools-for-stm32.11.3.rel1.win32_1.1.0.202305231506/tools/bin/../lib/gcc/arm-none-eabi/11.3.1/../../../../arm-none-eabi/lib/thumb/v7e-m+fp/hard\libc_nano.a(libc_a-freer.o)
 .ARM.attributes
                0x00000000000006d6       0x34 C:/ST/STM32CubeIDE_1.10.1/STM32CubeIDE/plugins/com.st.stm32cube.ide.mcu.externaltools.gnu-tools-for-stm32.11.3.rel1.win32_1.1.0.202305231506/tools/bin/../lib/gcc/arm-none-eabi/11.3.1/../../../../arm-none-eabi/lib/thumb/v7e-m+fp/hard\libc_nano.a(libc_a-mallocr.o)
 .ARM.attributes
                0x000000000000070a       0x34 C:/ST/STM32CubeIDE_1.10.1/STM32CubeIDE/plugins/com.st.stm32cube.ide.mcu.externaltools.gnu-tools-for-stm32.11.3.rel1.win32_1.1.0.202305231506/tools/bin/../lib/gcc/arm-none-eabi/11.3.1/../../../../arm-none-eabi/lib/thumb/v7e-m+fp/hard\libc_nano.a(libc_a-mlock.o)
 .ARM.attributes
                0x000000000000073e       0x34 C:/ST/STM32CubeIDE_1.10.1/STM32CubeIDE/plugins/com.st.stm32cube.ide.mcu.externaltools.gnu-tools-for-stm32.11.3.rel1.win32_1.1.0.202305231506/tools/bin/../lib/gcc/arm-none-eabi/11.3.1/../../../../arm-none-eabi/lib/thumb/v7e-m+fp/hard\libc_nano.a(libc_a-msizer.o)
 .ARM.attributes
                0x0000000000000772       0x34 C:/ST/STM32CubeIDE_1.10.1/STM32CubeIDE/plugins/com.st.stm32cube.ide.mcu.externaltools.gnu-tools-for-stm32.11.3.rel1.win32_1.1.0.202305231506/tools/bin/../lib/gcc/arm-none-eabi/11.3.1/../../../../arm-none-eabi/lib/thumb/v7e-m+fp/hard\libc_nano.a(libc_a-sbrkr.o)
 .ARM.attributes
                0x00000000000007a6       0x1e C:/ST/STM32CubeIDE_1.10.1/STM32CubeIDE/plugins/com.st.stm32cube.ide.mcu.externaltools.gnu-tools-for-stm32.11.3.rel1.win32_1.1.0.202305231506/tools/bin/../lib/gcc/arm-none-eabi/11.3.1/thumb/v7e-m+fp/hard\libgcc.a(_aeabi_uldivmod.o)
 .ARM.attributes
                0x00000000000007c4       0x34 C:/ST/STM32CubeIDE_1.10.1/STM32CubeIDE/plugins/com.st.stm32cube.ide.mcu.externaltools.gnu-tools-for-stm32.11.3.rel1.win32_1.1.0.202305231506/tools/bin/../lib/gcc/arm-none-eabi/11.3.1/thumb/v7e-m+fp/hard\libgcc.a(_udivmoddi4.o)
 .ARM.attributes
                0x00000000000007f8       0x1e C:/ST/STM32CubeIDE_1.10.1/STM32CubeIDE/plugins/com.st.stm32cube.ide.mcu.externaltools.gnu-tools-for-stm32.11.3.rel1.win32_1.1.0.202305231506/tools/bin/../lib/gcc/arm-none-eabi/11.3.1/thumb/v7e-m+fp/hard\libgcc.a(_dvmd_tls.o)
 .ARM.attributes
                0x0000000000000816       0x1e C:/ST/STM32CubeIDE_1.10.1/STM32CubeIDE/plugins/com.st.stm32cube.ide.mcu.externaltools.gnu-tools-for-stm32.11.3.rel1.win32_1.1.0.202305231506/tools/bin/../lib/gcc/arm-none-eabi/11.3.1/thumb/v7e-m+fp/hard/crtn.o
OUTPUT(STM_Template0715.elf elf32-littlearm)
LOAD linker stubs
LOAD C:/ST/STM32CubeIDE_1.10.1/STM32CubeIDE/plugins/com.st.stm32cube.ide.mcu.externaltools.gnu-tools-for-stm32.11.3.rel1.win32_1.1.0.202305231506/tools/bin/../lib/gcc/arm-none-eabi/11.3.1/../../../../arm-none-eabi/lib/thumb/v7e-m+fp/hard\libc.a
LOAD C:/ST/STM32CubeIDE_1.10.1/STM32CubeIDE/plugins/com.st.stm32cube.ide.mcu.externaltools.gnu-tools-for-stm32.11.3.rel1.win32_1.1.0.202305231506/tools/bin/../lib/gcc/arm-none-eabi/11.3.1/../../../../arm-none-eabi/lib/thumb/v7e-m+fp/hard\libm.a
LOAD C:/ST/STM32CubeIDE_1.10.1/STM32CubeIDE/plugins/com.st.stm32cube.ide.mcu.externaltools.gnu-tools-for-stm32.11.3.rel1.win32_1.1.0.202305231506/tools/bin/../lib/gcc/arm-none-eabi/11.3.1/thumb/v7e-m+fp/hard\libgcc.a

.comment        0x0000000000000000       0x43
 .comment       0x0000000000000000       0x43 C:/ST/STM32CubeIDE_1.10.1/STM32CubeIDE/plugins/com.st.stm32cube.ide.mcu.externaltools.gnu-tools-for-stm32.11.3.rel1.win32_1.1.0.202305231506/tools/bin/../lib/gcc/arm-none-eabi/11.3.1/thumb/v7e-m+fp/hard/crtbegin.o
                                         0x44 (size before relaxing)
 .comment       0x0000000000000043       0x44 ./Core/Inc/user_lib/ros_lib/time.o
 .comment       0x0000000000000043       0x44 ./Core/Src/main.o
 .comment       0x0000000000000043       0x44 ./Core/Src/stm32f4xx_hal_msp.o
 .comment       0x0000000000000043       0x44 ./Core/Src/stm32f4xx_it.o
 .comment       0x0000000000000043       0x44 ./Core/Src/sysmem.o
 .comment       0x0000000000000043       0x44 ./Core/Src/system_stm32f4xx.o
 .comment       0x0000000000000043       0x44 ./Core/Src/user/TIM_IT.o
 .comment       0x0000000000000043       0x44 ./Core/Src/user/mainpp.o
 .comment       0x0000000000000043       0x44 ./Core/Src/user/ros_port.o
 .comment       0x0000000000000043       0x44 ./Drivers/STM32F4xx_HAL_Driver/Src/stm32f4xx_hal.o
 .comment       0x0000000000000043       0x44 ./Drivers/STM32F4xx_HAL_Driver/Src/stm32f4xx_hal_cortex.o
 .comment       0x0000000000000043       0x44 ./Drivers/STM32F4xx_HAL_Driver/Src/stm32f4xx_hal_dma.o
 .comment       0x0000000000000043       0x44 ./Drivers/STM32F4xx_HAL_Driver/Src/stm32f4xx_hal_eth.o
 .comment       0x0000000000000043       0x44 ./Drivers/STM32F4xx_HAL_Driver/Src/stm32f4xx_hal_gpio.o
 .comment       0x0000000000000043       0x44 ./Drivers/STM32F4xx_HAL_Driver/Src/stm32f4xx_hal_pcd.o
 .comment       0x0000000000000043       0x44 ./Drivers/STM32F4xx_HAL_Driver/Src/stm32f4xx_hal_rcc.o
 .comment       0x0000000000000043       0x44 ./Drivers/STM32F4xx_HAL_Driver/Src/stm32f4xx_hal_tim.o
 .comment       0x0000000000000043       0x44 ./Drivers/STM32F4xx_HAL_Driver/Src/stm32f4xx_hal_tim_ex.o
 .comment       0x0000000000000043       0x44 ./Drivers/STM32F4xx_HAL_Driver/Src/stm32f4xx_hal_uart.o
 .comment       0x0000000000000043       0x44 ./Drivers/STM32F4xx_HAL_Driver/Src/stm32f4xx_ll_usb.o

.debug_info     0x0000000000000000    0x1fafc
 .debug_info    0x0000000000000000     0x1855 ./Core/Inc/user_lib/ros_lib/time.o
 .debug_info    0x0000000000001855     0x1f1a ./Core/Src/main.o
 .debug_info    0x000000000000376f     0x1d88 ./Core/Src/stm32f4xx_hal_msp.o
 .debug_info    0x00000000000054f7      0x6e1 ./Core/Src/stm32f4xx_it.o
 .debug_info    0x0000000000005bd8      0x168 ./Core/Src/sysmem.o
 .debug_info    0x0000000000005d40      0x52e ./Core/Src/system_stm32f4xx.o
 .debug_info    0x000000000000626e     0x2b12 ./Core/Src/user/TIM_IT.o
 .debug_info    0x0000000000008d80     0x221e ./Core/Src/user/mainpp.o
 .debug_info    0x000000000000af9e     0x5f28 ./Core/Src/user/ros_port.o
 .debug_info    0x0000000000010ec6       0x23 ./Core/Startup/startup_stm32f429zitx.o
 .debug_info    0x0000000000010ee9      0x9be ./Drivers/STM32F4xx_HAL_Driver/Src/stm32f4xx_hal.o
 .debug_info    0x00000000000118a7      0xd7c ./Drivers/STM32F4xx_HAL_Driver/Src/stm32f4xx_hal_cortex.o
 .debug_info    0x0000000000012623      0x8e7 ./Drivers/STM32F4xx_HAL_Driver/Src/stm32f4xx_hal_dma.o
 .debug_info    0x0000000000012f0a     0x2069 ./Drivers/STM32F4xx_HAL_Driver/Src/stm32f4xx_hal_eth.o
 .debug_info    0x0000000000014f73      0x6db ./Drivers/STM32F4xx_HAL_Driver/Src/stm32f4xx_hal_gpio.o
 .debug_info    0x000000000001564e     0x1541 ./Drivers/STM32F4xx_HAL_Driver/Src/stm32f4xx_hal_pcd.o
 .debug_info    0x0000000000016b8f      0x8c9 ./Drivers/STM32F4xx_HAL_Driver/Src/stm32f4xx_hal_rcc.o
 .debug_info    0x0000000000017458     0x2948 ./Drivers/STM32F4xx_HAL_Driver/Src/stm32f4xx_hal_tim.o
 .debug_info    0x0000000000019da0     0x14ae ./Drivers/STM32F4xx_HAL_Driver/Src/stm32f4xx_hal_tim_ex.o
 .debug_info    0x000000000001b24e     0x2fb8 ./Drivers/STM32F4xx_HAL_Driver/Src/stm32f4xx_hal_uart.o
 .debug_info    0x000000000001e206     0x18f6 ./Drivers/STM32F4xx_HAL_Driver/Src/stm32f4xx_ll_usb.o

.debug_abbrev   0x0000000000000000     0x3a8f
 .debug_abbrev  0x0000000000000000      0x26d ./Core/Inc/user_lib/ros_lib/time.o
 .debug_abbrev  0x000000000000026d      0x30c ./Core/Src/main.o
 .debug_abbrev  0x0000000000000579      0x274 ./Core/Src/stm32f4xx_hal_msp.o
 .debug_abbrev  0x00000000000007ed      0x192 ./Core/Src/stm32f4xx_it.o
 .debug_abbrev  0x000000000000097f       0xbc ./Core/Src/sysmem.o
 .debug_abbrev  0x0000000000000a3b      0x11a ./Core/Src/system_stm32f4xx.o
 .debug_abbrev  0x0000000000000b55      0x515 ./Core/Src/user/TIM_IT.o
 .debug_abbrev  0x000000000000106a      0x452 ./Core/Src/user/mainpp.o
 .debug_abbrev  0x00000000000014bc      0x936 ./Core/Src/user/ros_port.o
 .debug_abbrev  0x0000000000001df2       0x12 ./Core/Startup/startup_stm32f429zitx.o
 .debug_abbrev  0x0000000000001e04      0x213 ./Drivers/STM32F4xx_HAL_Driver/Src/stm32f4xx_hal.o
 .debug_abbrev  0x0000000000002017      0x327 ./Drivers/STM32F4xx_HAL_Driver/Src/stm32f4xx_hal_cortex.o
 .debug_abbrev  0x000000000000233e      0x264 ./Drivers/STM32F4xx_HAL_Driver/Src/stm32f4xx_hal_dma.o
 .debug_abbrev  0x00000000000025a2      0x2ec ./Drivers/STM32F4xx_HAL_Driver/Src/stm32f4xx_hal_eth.o
 .debug_abbrev  0x000000000000288e      0x1d4 ./Drivers/STM32F4xx_HAL_Driver/Src/stm32f4xx_hal_gpio.o
 .debug_abbrev  0x0000000000002a62      0x2d0 ./Drivers/STM32F4xx_HAL_Driver/Src/stm32f4xx_hal_pcd.o
 .debug_abbrev  0x0000000000002d32      0x2b6 ./Drivers/STM32F4xx_HAL_Driver/Src/stm32f4xx_hal_rcc.o
 .debug_abbrev  0x0000000000002fe8      0x271 ./Drivers/STM32F4xx_HAL_Driver/Src/stm32f4xx_hal_tim.o
 .debug_abbrev  0x0000000000003259      0x27c ./Drivers/STM32F4xx_HAL_Driver/Src/stm32f4xx_hal_tim_ex.o
 .debug_abbrev  0x00000000000034d5      0x30e ./Drivers/STM32F4xx_HAL_Driver/Src/stm32f4xx_hal_uart.o
 .debug_abbrev  0x00000000000037e3      0x2ac ./Drivers/STM32F4xx_HAL_Driver/Src/stm32f4xx_ll_usb.o

.debug_aranges  0x0000000000000000     0x1410
 .debug_aranges
                0x0000000000000000       0x38 ./Core/Inc/user_lib/ros_lib/time.o
 .debug_aranges
                0x0000000000000038       0x58 ./Core/Src/main.o
 .debug_aranges
                0x0000000000000090       0x60 ./Core/Src/stm32f4xx_hal_msp.o
 .debug_aranges
                0x00000000000000f0       0x68 ./Core/Src/stm32f4xx_it.o
 .debug_aranges
                0x0000000000000158       0x20 ./Core/Src/sysmem.o
 .debug_aranges
                0x0000000000000178       0x28 ./Core/Src/system_stm32f4xx.o
 .debug_aranges
                0x00000000000001a0       0x28 ./Core/Src/user/TIM_IT.o
 .debug_aranges
                0x00000000000001c8       0x20 ./Core/Src/user/mainpp.o
 .debug_aranges
                0x00000000000001e8      0x278 ./Core/Src/user/ros_port.o
 .debug_aranges
                0x0000000000000460       0x28 ./Core/Startup/startup_stm32f429zitx.o
 .debug_aranges
                0x0000000000000488      0x100 ./Drivers/STM32F4xx_HAL_Driver/Src/stm32f4xx_hal.o
 .debug_aranges
                0x0000000000000588      0x118 ./Drivers/STM32F4xx_HAL_Driver/Src/stm32f4xx_hal_cortex.o
 .debug_aranges
                0x00000000000006a0       0x90 ./Drivers/STM32F4xx_HAL_Driver/Src/stm32f4xx_hal_dma.o
 .debug_aranges
                0x0000000000000730      0x1e0 ./Drivers/STM32F4xx_HAL_Driver/Src/stm32f4xx_hal_eth.o
 .debug_aranges
                0x0000000000000910       0x58 ./Drivers/STM32F4xx_HAL_Driver/Src/stm32f4xx_hal_gpio.o
 .debug_aranges
                0x0000000000000968      0x148 ./Drivers/STM32F4xx_HAL_Driver/Src/stm32f4xx_hal_pcd.o
 .debug_aranges
                0x0000000000000ab0       0x88 ./Drivers/STM32F4xx_HAL_Driver/Src/stm32f4xx_hal_rcc.o
 .debug_aranges
                0x0000000000000b38      0x3d0 ./Drivers/STM32F4xx_HAL_Driver/Src/stm32f4xx_hal_tim.o
 .debug_aranges
                0x0000000000000f08      0x168 ./Drivers/STM32F4xx_HAL_Driver/Src/stm32f4xx_hal_tim_ex.o
 .debug_aranges
                0x0000000000001070      0x200 ./Drivers/STM32F4xx_HAL_Driver/Src/stm32f4xx_hal_uart.o
 .debug_aranges
                0x0000000000001270      0x1a0 ./Drivers/STM32F4xx_HAL_Driver/Src/stm32f4xx_ll_usb.o

.debug_rnglists
                0x0000000000000000      0xfb2
 .debug_rnglists
                0x0000000000000000       0x25 ./Core/Inc/user_lib/ros_lib/time.o
 .debug_rnglists
                0x0000000000000025       0x41 ./Core/Src/main.o
 .debug_rnglists
                0x0000000000000066       0x46 ./Core/Src/stm32f4xx_hal_msp.o
 .debug_rnglists
                0x00000000000000ac       0x49 ./Core/Src/stm32f4xx_it.o
 .debug_rnglists
                0x00000000000000f5       0x13 ./Core/Src/sysmem.o
 .debug_rnglists
                0x0000000000000108       0x1a ./Core/Src/system_stm32f4xx.o
 .debug_rnglists
                0x0000000000000122       0x19 ./Core/Src/user/TIM_IT.o
 .debug_rnglists
                0x000000000000013b       0x13 ./Core/Src/user/mainpp.o
 .debug_rnglists
                0x000000000000014e      0x1f7 ./Core/Src/user/ros_port.o
 .debug_rnglists
                0x0000000000000345       0x19 ./Core/Startup/startup_stm32f429zitx.o
 .debug_rnglists
                0x000000000000035e       0xbb ./Drivers/STM32F4xx_HAL_Driver/Src/stm32f4xx_hal.o
 .debug_rnglists
                0x0000000000000419       0xce ./Drivers/STM32F4xx_HAL_Driver/Src/stm32f4xx_hal_cortex.o
 .debug_rnglists
                0x00000000000004e7       0x70 ./Drivers/STM32F4xx_HAL_Driver/Src/stm32f4xx_hal_dma.o
 .debug_rnglists
                0x0000000000000557      0x17c ./Drivers/STM32F4xx_HAL_Driver/Src/stm32f4xx_hal_eth.o
 .debug_rnglists
                0x00000000000006d3       0x3f ./Drivers/STM32F4xx_HAL_Driver/Src/stm32f4xx_hal_gpio.o
 .debug_rnglists
                0x0000000000000712       0xfc ./Drivers/STM32F4xx_HAL_Driver/Src/stm32f4xx_hal_pcd.o
 .debug_rnglists
                0x000000000000080e       0x66 ./Drivers/STM32F4xx_HAL_Driver/Src/stm32f4xx_hal_rcc.o
 .debug_rnglists
                0x0000000000000874      0x31a ./Drivers/STM32F4xx_HAL_Driver/Src/stm32f4xx_hal_tim.o
 .debug_rnglists
                0x0000000000000b8e      0x125 ./Drivers/STM32F4xx_HAL_Driver/Src/stm32f4xx_hal_tim_ex.o
 .debug_rnglists
                0x0000000000000cb3      0x1b7 ./Drivers/STM32F4xx_HAL_Driver/Src/stm32f4xx_hal_uart.o
 .debug_rnglists
                0x0000000000000e6a      0x148 ./Drivers/STM32F4xx_HAL_Driver/Src/stm32f4xx_ll_usb.o

.debug_macro    0x0000000000000000    0x26d6c
 .debug_macro   0x0000000000000000      0x1c1 ./Core/Inc/user_lib/ros_lib/time.o
 .debug_macro   0x00000000000001c1      0x2e3 ./Core/Src/main.o
 .debug_macro   0x00000000000004a4      0xaa8 ./Core/Src/main.o
 .debug_macro   0x0000000000000f4c      0x2a7 ./Core/Src/main.o
 .debug_macro   0x00000000000011f3       0x2e ./Core/Src/main.o
 .debug_macro   0x0000000000001221       0x28 ./Core/Src/main.o
 .debug_macro   0x0000000000001249       0x8e ./Core/Src/main.o
 .debug_macro   0x00000000000012d7       0x51 ./Core/Src/main.o
 .debug_macro   0x0000000000001328       0x1c ./Core/Src/main.o
 .debug_macro   0x0000000000001344       0x22 ./Core/Src/main.o
 .debug_macro   0x0000000000001366       0xd9 ./Core/Src/main.o
 .debug_macro   0x000000000000143f     0x102d ./Core/Src/main.o
 .debug_macro   0x000000000000246c      0x11f ./Core/Src/main.o
 .debug_macro   0x000000000000258b    0x17fc0 ./Core/Src/main.o
 .debug_macro   0x000000000001a54b       0x6d ./Core/Src/main.o
 .debug_macro   0x000000000001a5b8     0x36f5 ./Core/Src/main.o
 .debug_macro   0x000000000001dcad      0x174 ./Core/Src/main.o
 .debug_macro   0x000000000001de21       0x5c ./Core/Src/main.o
 .debug_macro   0x000000000001de7d      0xca5 ./Core/Src/main.o
 .debug_macro   0x000000000001eb22      0x9fe ./Core/Src/main.o
 .debug_macro   0x000000000001f520      0x115 ./Core/Src/main.o
 .debug_macro   0x000000000001f635      0x156 ./Core/Src/main.o
 .debug_macro   0x000000000001f78b       0xa5 ./Core/Src/main.o
 .debug_macro   0x000000000001f830      0x182 ./Core/Src/main.o
 .debug_macro   0x000000000001f9b2      0x287 ./Core/Src/main.o
 .debug_macro   0x000000000001fc39       0x5f ./Core/Src/main.o
 .debug_macro   0x000000000001fc98      0x236 ./Core/Src/main.o
 .debug_macro   0x000000000001fece      0xd44 ./Core/Src/main.o
 .debug_macro   0x0000000000020c12      0x132 ./Core/Src/main.o
 .debug_macro   0x0000000000020d44      0x41d ./Core/Src/main.o
 .debug_macro   0x0000000000021161       0x2e ./Core/Src/main.o
 .debug_macro   0x000000000002118f      0x11a ./Core/Src/main.o
 .debug_macro   0x00000000000212a9       0xe2 ./Core/Src/main.o
 .debug_macro   0x000000000002138b       0x89 ./Core/Src/main.o
 .debug_macro   0x0000000000021414      0x8e6 ./Core/Src/main.o
 .debug_macro   0x0000000000021cfa       0x47 ./Core/Src/main.o
 .debug_macro   0x0000000000021d41      0x295 ./Core/Src/main.o
 .debug_macro   0x0000000000021fd6      0x248 ./Core/Src/main.o
 .debug_macro   0x000000000002221e       0xba ./Core/Src/main.o
 .debug_macro   0x00000000000222d8      0x134 ./Core/Src/main.o
 .debug_macro   0x000000000002240c      0x130 ./Core/Src/main.o
 .debug_macro   0x000000000002253c       0x61 ./Core/Src/main.o
 .debug_macro   0x000000000002259d       0x34 ./Core/Src/main.o
 .debug_macro   0x00000000000225d1       0x43 ./Core/Src/main.o
 .debug_macro   0x0000000000022614       0x1c ./Core/Src/main.o
 .debug_macro   0x0000000000022630      0x369 ./Core/Src/main.o
 .debug_macro   0x0000000000022999       0x10 ./Core/Src/main.o
 .debug_macro   0x00000000000229a9       0x35 ./Core/Src/main.o
 .debug_macro   0x00000000000229de       0x20 ./Core/Src/main.o
 .debug_macro   0x00000000000229fe      0x20b ./Core/Src/stm32f4xx_hal_msp.o
 .debug_macro   0x0000000000022c09      0x215 ./Core/Src/stm32f4xx_it.o
 .debug_macro   0x0000000000022e1e       0xff ./Core/Src/sysmem.o
 .debug_macro   0x0000000000022f1d      0x23c ./Core/Src/sysmem.o
 .debug_macro   0x0000000000023159      0x1fc ./Core/Src/system_stm32f4xx.o
 .debug_macro   0x0000000000023355      0x47f ./Core/Src/user/TIM_IT.o
 .debug_macro   0x00000000000237d4     0x102d ./Core/Src/user/TIM_IT.o
 .debug_macro   0x0000000000024801       0x10 ./Core/Src/user/TIM_IT.o
 .debug_macro   0x0000000000024811       0x1c ./Core/Src/user/TIM_IT.o
 .debug_macro   0x000000000002482d       0xde ./Core/Src/user/TIM_IT.o